[0.195s] DEBUG:colcon:Command line arguments: ['/usr/bin/colcon', 'build']
[0.195s] DEBUG:colcon:Parsed command line arguments: Namespace(log_base=None, log_level=None, verb_name='build', build_base='build', install_base='install', merge_install=False, symlink_install=False, test_result_base=None, continue_on_error=False, executor='parallel', parallel_workers=8, event_handlers=None, ignore_user_meta=False, metas=['./colcon.meta'], base_paths=['.'], packages_ignore=None, packages_ignore_regex=None, paths=None, packages_up_to=None, packages_up_to_regex=None, packages_above=None, packages_above_and_dependencies=None, packages_above_depth=None, packages_select_by_dep=None, packages_skip_by_dep=None, packages_skip_up_to=None, packages_select_build_failed=False, packages_skip_build_finished=False, packages_select_test_failures=False, packages_skip_test_passed=False, packages_select=None, packages_skip=None, packages_select_regex=None, packages_skip_regex=None, packages_start=None, packages_end=None, lookup_in_workspace=False, cargo_args=None, clean_build=False, cmake_args=None, cmake_target=None, cmake_target_skip_unavailable=False, cmake_clean_cache=False, cmake_clean_first=False, cmake_force_configure=False, ament_cmake_args=None, catkin_cmake_args=None, catkin_skip_building_tests=False, mixin_files=None, mixin=None, verb_parser=<colcon_mixin.mixin.mixin_argument.MixinArgumentDecorator object at 0x7f0e5768a050>, verb_extension=<colcon_core.verb.build.BuildVerb object at 0x7f0e576894e0>, main=<bound method BuildVerb.main of <colcon_core.verb.build.BuildVerb object at 0x7f0e576894e0>>, mixin_verb=('build',))
[0.508s] Level 1:colcon.colcon_core.package_discovery:discover_packages(colcon_meta) check parameters
[0.509s] Level 1:colcon.colcon_core.package_discovery:discover_packages(recursive) check parameters
[0.509s] Level 1:colcon.colcon_core.package_discovery:discover_packages(ignore) check parameters
[0.509s] Level 1:colcon.colcon_core.package_discovery:discover_packages(path) check parameters
[0.509s] Level 1:colcon.colcon_core.package_discovery:discover_packages(colcon_meta) discover
[0.509s] Level 1:colcon.colcon_core.package_discovery:discover_packages(recursive) discover
[0.509s] INFO:colcon.colcon_core.package_discovery:Crawling recursively for packages in '/home/user/ros2_ws'
[0.509s] Level 1:colcon.colcon_core.package_identification:_identify(.) by extensions ['ignore', 'ignore_ament_install']
[0.509s] Level 1:colcon.colcon_core.package_identification:_identify(.) by extension 'ignore'
[0.509s] Level 1:colcon.colcon_core.package_identification:_identify(.) by extension 'ignore_ament_install'
[0.510s] Level 1:colcon.colcon_core.package_identification:_identify(.) by extensions ['colcon_pkg']
[0.510s] Level 1:colcon.colcon_core.package_identification:_identify(.) by extension 'colcon_pkg'
[0.510s] Level 1:colcon.colcon_core.package_identification:_identify(.) by extensions ['colcon_meta']
[0.510s] Level 1:colcon.colcon_core.package_identification:_identify(.) by extension 'colcon_meta'
[0.510s] Level 1:colcon.colcon_core.package_identification:_identify(.) by extensions ['ament_cargo']
[0.510s] Level 1:colcon.colcon_core.package_identification:_identify(.) by extension 'ament_cargo'
[0.510s] Level 1:colcon.colcon_core.package_identification:_identify(.) by extensions ['ros']
[0.510s] Level 1:colcon.colcon_core.package_identification:_identify(.) by extension 'ros'
[0.528s] Level 1:colcon.colcon_core.package_identification:_identify(.) by extensions ['cargo', 'cmake', 'python']
[0.528s] Level 1:colcon.colcon_core.package_identification:_identify(.) by extension 'cargo'
[0.528s] Level 1:colcon.colcon_core.package_identification:_identify(.) by extension 'cmake'
[0.528s] Level 1:colcon.colcon_core.package_identification:_identify(.) by extension 'python'
[0.528s] Level 1:colcon.colcon_core.package_identification:_identify(.) by extensions ['python_setup_py']
[0.528s] Level 1:colcon.colcon_core.package_identification:_identify(.) by extension 'python_setup_py'
[0.529s] Level 1:colcon.colcon_core.package_identification:_identify(build) by extensions ['ignore', 'ignore_ament_install']
[0.529s] Level 1:colcon.colcon_core.package_identification:_identify(build) by extension 'ignore'
[0.529s] Level 1:colcon.colcon_core.package_identification:_identify(build) ignored
[0.529s] Level 1:colcon.colcon_core.package_identification:_identify(install) by extensions ['ignore', 'ignore_ament_install']
[0.529s] Level 1:colcon.colcon_core.package_identification:_identify(install) by extension 'ignore'
[0.529s] Level 1:colcon.colcon_core.package_identification:_identify(install) ignored
[0.529s] Level 1:colcon.colcon_core.package_identification:_identify(log) by extensions ['ignore', 'ignore_ament_install']
[0.530s] Level 1:colcon.colcon_core.package_identification:_identify(log) by extension 'ignore'
[0.530s] Level 1:colcon.colcon_core.package_identification:_identify(log) ignored
[0.530s] Level 1:colcon.colcon_core.package_identification:_identify(src) by extensions ['ignore', 'ignore_ament_install']
[0.530s] Level 1:colcon.colcon_core.package_identification:_identify(src) by extension 'ignore'
[0.530s] Level 1:colcon.colcon_core.package_identification:_identify(src) by extension 'ignore_ament_install'
[0.530s] Level 1:colcon.colcon_core.package_identification:_identify(src) by extensions ['colcon_pkg']
[0.530s] Level 1:colcon.colcon_core.package_identification:_identify(src) by extension 'colcon_pkg'
[0.530s] Level 1:colcon.colcon_core.package_identification:_identify(src) by extensions ['colcon_meta']
[0.530s] Level 1:colcon.colcon_core.package_identification:_identify(src) by extension 'colcon_meta'
[0.530s] Level 1:colcon.colcon_core.package_identification:_identify(src) by extensions ['ament_cargo']
[0.530s] Level 1:colcon.colcon_core.package_identification:_identify(src) by extension 'ament_cargo'
[0.531s] Level 1:colcon.colcon_core.package_identification:_identify(src) by extensions ['ros']
[0.531s] Level 1:colcon.colcon_core.package_identification:_identify(src) by extension 'ros'
[0.531s] Level 1:colcon.colcon_core.package_identification:_identify(src) by extensions ['cargo', 'cmake', 'python']
[0.531s] Level 1:colcon.colcon_core.package_identification:_identify(src) by extension 'cargo'
[0.531s] Level 1:colcon.colcon_core.package_identification:_identify(src) by extension 'cmake'
[0.531s] Level 1:colcon.colcon_core.package_identification:_identify(src) by extension 'python'
[0.531s] Level 1:colcon.colcon_core.package_identification:_identify(src) by extensions ['python_setup_py']
[0.531s] Level 1:colcon.colcon_core.package_identification:_identify(src) by extension 'python_setup_py'
[0.531s] Level 1:colcon.colcon_core.package_identification:_identify(src/YAREN-main) by extensions ['ignore', 'ignore_ament_install']
[0.531s] Level 1:colcon.colcon_core.package_identification:_identify(src/YAREN-main) by extension 'ignore'
[0.531s] Level 1:colcon.colcon_core.package_identification:_identify(src/YAREN-main) by extension 'ignore_ament_install'
[0.532s] Level 1:colcon.colcon_core.package_identification:_identify(src/YAREN-main) by extensions ['colcon_pkg']
[0.532s] Level 1:colcon.colcon_core.package_identification:_identify(src/YAREN-main) by extension 'colcon_pkg'
[0.532s] Level 1:colcon.colcon_core.package_identification:_identify(src/YAREN-main) by extensions ['colcon_meta']
[0.532s] Level 1:colcon.colcon_core.package_identification:_identify(src/YAREN-main) by extension 'colcon_meta'
[0.532s] Level 1:colcon.colcon_core.package_identification:_identify(src/YAREN-main) by extensions ['ament_cargo']
[0.532s] Level 1:colcon.colcon_core.package_identification:_identify(src/YAREN-main) by extension 'ament_cargo'
[0.532s] Level 1:colcon.colcon_core.package_identification:_identify(src/YAREN-main) by extensions ['ros']
[0.532s] Level 1:colcon.colcon_core.package_identification:_identify(src/YAREN-main) by extension 'ros'
[0.532s] Level 1:colcon.colcon_core.package_identification:_identify(src/YAREN-main) by extensions ['cargo', 'cmake', 'python']
[0.532s] Level 1:colcon.colcon_core.package_identification:_identify(src/YAREN-main) by extension 'cargo'
[0.532s] Level 1:colcon.colcon_core.package_identification:_identify(src/YAREN-main) by extension 'cmake'
[0.532s] Level 1:colcon.colcon_core.package_identification:_identify(src/YAREN-main) by extension 'python'
[0.532s] Level 1:colcon.colcon_core.package_identification:_identify(src/YAREN-main) by extensions ['python_setup_py']
[0.532s] Level 1:colcon.colcon_core.package_identification:_identify(src/YAREN-main) by extension 'python_setup_py'
[0.533s] Level 1:colcon.colcon_core.package_identification:_identify(src/YAREN-main/moveit) by extensions ['ignore', 'ignore_ament_install']
[0.533s] Level 1:colcon.colcon_core.package_identification:_identify(src/YAREN-main/moveit) by extension 'ignore'
[0.533s] Level 1:colcon.colcon_core.package_identification:_identify(src/YAREN-main/moveit) by extension 'ignore_ament_install'
[0.533s] Level 1:colcon.colcon_core.package_identification:_identify(src/YAREN-main/moveit) by extensions ['colcon_pkg']
[0.533s] Level 1:colcon.colcon_core.package_identification:_identify(src/YAREN-main/moveit) by extension 'colcon_pkg'
[0.534s] Level 1:colcon.colcon_core.package_identification:_identify(src/YAREN-main/moveit) by extensions ['colcon_meta']
[0.534s] Level 1:colcon.colcon_core.package_identification:_identify(src/YAREN-main/moveit) by extension 'colcon_meta'
[0.534s] Level 1:colcon.colcon_core.package_identification:_identify(src/YAREN-main/moveit) by extensions ['ament_cargo']
[0.534s] Level 1:colcon.colcon_core.package_identification:_identify(src/YAREN-main/moveit) by extension 'ament_cargo'
[0.534s] Level 1:colcon.colcon_core.package_identification:_identify(src/YAREN-main/moveit) by extensions ['ros']
[0.534s] Level 1:colcon.colcon_core.package_identification:_identify(src/YAREN-main/moveit) by extension 'ros'
[0.540s] DEBUG:colcon.colcon_core.package_identification:Package 'src/YAREN-main/moveit' with type 'ros.ament_cmake' and name 'moveit'
[0.540s] Level 1:colcon.colcon_core.package_identification:_identify(src/YAREN-main/yaren_description) by extensions ['ignore', 'ignore_ament_install']
[0.540s] Level 1:colcon.colcon_core.package_identification:_identify(src/YAREN-main/yaren_description) by extension 'ignore'
[0.540s] Level 1:colcon.colcon_core.package_identification:_identify(src/YAREN-main/yaren_description) by extension 'ignore_ament_install'
[0.540s] Level 1:colcon.colcon_core.package_identification:_identify(src/YAREN-main/yaren_description) by extensions ['colcon_pkg']
[0.540s] Level 1:colcon.colcon_core.package_identification:_identify(src/YAREN-main/yaren_description) by extension 'colcon_pkg'
[0.540s] Level 1:colcon.colcon_core.package_identification:_identify(src/YAREN-main/yaren_description) by extensions ['colcon_meta']
[0.540s] Level 1:colcon.colcon_core.package_identification:_identify(src/YAREN-main/yaren_description) by extension 'colcon_meta'
[0.540s] Level 1:colcon.colcon_core.package_identification:_identify(src/YAREN-main/yaren_description) by extensions ['ament_cargo']
[0.540s] Level 1:colcon.colcon_core.package_identification:_identify(src/YAREN-main/yaren_description) by extension 'ament_cargo'
[0.540s] Level 1:colcon.colcon_core.package_identification:_identify(src/YAREN-main/yaren_description) by extensions ['ros']
[0.540s] Level 1:colcon.colcon_core.package_identification:_identify(src/YAREN-main/yaren_description) by extension 'ros'
[0.541s] DEBUG:colcon.colcon_core.package_identification:Package 'src/YAREN-main/yaren_description' with type 'ros.ament_cmake' and name 'yaren_description'
[0.541s] Level 1:colcon.colcon_core.package_discovery:discover_packages(recursive) using defaults
[0.542s] Level 1:colcon.colcon_core.package_discovery:discover_packages(ignore) discover
[0.542s] Level 1:colcon.colcon_core.package_discovery:discover_packages(ignore) using defaults
[0.542s] Level 1:colcon.colcon_core.package_discovery:discover_packages(path) discover
[0.542s] Level 1:colcon.colcon_core.package_discovery:discover_packages(path) using defaults
[0.585s] Level 5:colcon.colcon_core.verb:set package 'yaren_description' build argument 'lookup_in_workspace' from command line to 'False'
[0.585s] Level 5:colcon.colcon_core.verb:set package 'yaren_description' build argument 'cargo_args' from command line to 'None'
[0.585s] Level 5:colcon.colcon_core.verb:set package 'yaren_description' build argument 'clean_build' from command line to 'False'
[0.585s] Level 5:colcon.colcon_core.verb:set package 'yaren_description' build argument 'cmake_args' from command line to 'None'
[0.585s] Level 5:colcon.colcon_core.verb:set package 'yaren_description' build argument 'cmake_target' from command line to 'None'
[0.585s] Level 5:colcon.colcon_core.verb:set package 'yaren_description' build argument 'cmake_target_skip_unavailable' from command line to 'False'
[0.585s] Level 5:colcon.colcon_core.verb:set package 'yaren_description' build argument 'cmake_clean_cache' from command line to 'False'
[0.586s] Level 5:colcon.colcon_core.verb:set package 'yaren_description' build argument 'cmake_clean_first' from command line to 'False'
[0.586s] Level 5:colcon.colcon_core.verb:set package 'yaren_description' build argument 'cmake_force_configure' from command line to 'False'
[0.586s] Level 5:colcon.colcon_core.verb:set package 'yaren_description' build argument 'ament_cmake_args' from command line to 'None'
[0.586s] Level 5:colcon.colcon_core.verb:set package 'yaren_description' build argument 'catkin_cmake_args' from command line to 'None'
[0.586s] Level 5:colcon.colcon_core.verb:set package 'yaren_description' build argument 'catkin_skip_building_tests' from command line to 'False'
[0.586s] DEBUG:colcon.colcon_core.verb:Building package 'yaren_description' with the following arguments: {'ament_cmake_args': None, 'build_base': '/home/user/ros2_ws/build/yaren_description', 'cargo_args': None, 'catkin_cmake_args': None, 'catkin_skip_building_tests': False, 'clean_build': False, 'cmake_args': None, 'cmake_clean_cache': False, 'cmake_clean_first': False, 'cmake_force_configure': False, 'cmake_target': None, 'cmake_target_skip_unavailable': False, 'install_base': '/home/user/ros2_ws/install/yaren_description', 'lookup_in_workspace': False, 'merge_install': False, 'path': '/home/user/ros2_ws/src/YAREN-main/yaren_description', 'symlink_install': False, 'test_result_base': None}
[0.586s] Level 5:colcon.colcon_core.verb:set package 'moveit' build argument 'lookup_in_workspace' from command line to 'False'
[0.586s] Level 5:colcon.colcon_core.verb:set package 'moveit' build argument 'cargo_args' from command line to 'None'
[0.587s] Level 5:colcon.colcon_core.verb:set package 'moveit' build argument 'clean_build' from command line to 'False'
[0.587s] Level 5:colcon.colcon_core.verb:set package 'moveit' build argument 'cmake_args' from command line to 'None'
[0.587s] Level 5:colcon.colcon_core.verb:set package 'moveit' build argument 'cmake_target' from command line to 'None'
[0.587s] Level 5:colcon.colcon_core.verb:set package 'moveit' build argument 'cmake_target_skip_unavailable' from command line to 'False'
[0.587s] Level 5:colcon.colcon_core.verb:set package 'moveit' build argument 'cmake_clean_cache' from command line to 'False'
[0.587s] Level 5:colcon.colcon_core.verb:set package 'moveit' build argument 'cmake_clean_first' from command line to 'False'
[0.587s] Level 5:colcon.colcon_core.verb:set package 'moveit' build argument 'cmake_force_configure' from command line to 'False'
[0.587s] Level 5:colcon.colcon_core.verb:set package 'moveit' build argument 'ament_cmake_args' from command line to 'None'
[0.587s] Level 5:colcon.colcon_core.verb:set package 'moveit' build argument 'catkin_cmake_args' from command line to 'None'
[0.587s] Level 5:colcon.colcon_core.verb:set package 'moveit' build argument 'catkin_skip_building_tests' from command line to 'False'
[0.587s] DEBUG:colcon.colcon_core.verb:Building package 'moveit' with the following arguments: {'ament_cmake_args': None, 'build_base': '/home/user/ros2_ws/build/moveit', 'cargo_args': None, 'catkin_cmake_args': None, 'catkin_skip_building_tests': False, 'clean_build': False, 'cmake_args': None, 'cmake_clean_cache': False, 'cmake_clean_first': False, 'cmake_force_configure': False, 'cmake_target': None, 'cmake_target_skip_unavailable': False, 'install_base': '/home/user/ros2_ws/install/moveit', 'lookup_in_workspace': False, 'merge_install': False, 'path': '/home/user/ros2_ws/src/YAREN-main/moveit', 'symlink_install': False, 'test_result_base': None}
[0.587s] INFO:colcon.colcon_core.executor:Executing jobs using 'parallel' executor
[0.589s] DEBUG:colcon.colcon_parallel_executor.executor.parallel:run_until_complete
[0.589s] INFO:colcon.colcon_ros.task.ament_cmake.build:Building ROS package in '/home/user/ros2_ws/src/YAREN-main/yaren_description' with build type 'ament_cmake'
[0.589s] INFO:colcon.colcon_cmake.task.cmake.build:Building CMake package in '/home/user/ros2_ws/src/YAREN-main/yaren_description'
[0.594s] INFO:colcon.colcon_core.plugin_system:Skipping extension 'colcon_core.shell.bat': Not used on non-Windows systems
[0.595s] INFO:colcon.colcon_core.shell:Skip shell extension 'powershell' for command environment: Not usable outside of PowerShell
[0.595s] DEBUG:colcon.colcon_core.shell:Skip shell extension 'dsv' for command environment
[0.627s] DEBUG:colcon.colcon_core.event_handler.log_command:Invoking command in '/home/user/ros2_ws/build/yaren_description': CMAKE_PREFIX_PATH=${CMAKE_PREFIX_PATH}:/home/simulations/ros2_sims_ws/install/rclrs_tests:/home/simulations/ros2_sims_ws/install/examples_rclrs_minimal_client_service:/home/simulations/ros2_sims_ws/install/sensor_msgs_py:/home/simulations/ros2_sims_ws/install/examples_rclrs_minimal_pub_sub:/home/simulations/ros2_sims_ws/install/examples_rclrs_message_demo:/home/simulations/ros2_sims_ws/install/rclrs:/home/simulations/ros2_sims_ws/install/rosidl_runtime_rs:/opt/ros/humble _=/usr/bin/env /usr/bin/cmake --build /home/user/ros2_ws/build/yaren_description -- -j8 -l8
[0.717s] DEBUG:colcon.colcon_core.event_handler.log_command:Invoked command in '/home/user/ros2_ws/build/yaren_description' returned '0': CMAKE_PREFIX_PATH=${CMAKE_PREFIX_PATH}:/home/simulations/ros2_sims_ws/install/rclrs_tests:/home/simulations/ros2_sims_ws/install/examples_rclrs_minimal_client_service:/home/simulations/ros2_sims_ws/install/sensor_msgs_py:/home/simulations/ros2_sims_ws/install/examples_rclrs_minimal_pub_sub:/home/simulations/ros2_sims_ws/install/examples_rclrs_message_demo:/home/simulations/ros2_sims_ws/install/rclrs:/home/simulations/ros2_sims_ws/install/rosidl_runtime_rs:/opt/ros/humble _=/usr/bin/env /usr/bin/cmake --build /home/user/ros2_ws/build/yaren_description -- -j8 -l8
[0.793s] DEBUG:colcon.colcon_core.event_handler.log_command:Invoking command in '/home/user/ros2_ws/build/yaren_description': CMAKE_PREFIX_PATH=${CMAKE_PREFIX_PATH}:/home/simulations/ros2_sims_ws/install/rclrs_tests:/home/simulations/ros2_sims_ws/install/examples_rclrs_minimal_client_service:/home/simulations/ros2_sims_ws/install/sensor_msgs_py:/home/simulations/ros2_sims_ws/install/examples_rclrs_minimal_pub_sub:/home/simulations/ros2_sims_ws/install/examples_rclrs_message_demo:/home/simulations/ros2_sims_ws/install/rclrs:/home/simulations/ros2_sims_ws/install/rosidl_runtime_rs:/opt/ros/humble _=/usr/bin/env /usr/bin/cmake --install /home/user/ros2_ws/build/yaren_description
[0.836s] Level 1:colcon.colcon_core.environment:create_environment_scripts_only(yaren_description)
[0.837s] DEBUG:colcon.colcon_core.event_handler.log_command:Invoked command in '/home/user/ros2_ws/build/yaren_description' returned '0': CMAKE_PREFIX_PATH=${CMAKE_PREFIX_PATH}:/home/simulations/ros2_sims_ws/install/rclrs_tests:/home/simulations/ros2_sims_ws/install/examples_rclrs_minimal_client_service:/home/simulations/ros2_sims_ws/install/sensor_msgs_py:/home/simulations/ros2_sims_ws/install/examples_rclrs_minimal_pub_sub:/home/simulations/ros2_sims_ws/install/examples_rclrs_message_demo:/home/simulations/ros2_sims_ws/install/rclrs:/home/simulations/ros2_sims_ws/install/rosidl_runtime_rs:/opt/ros/humble _=/usr/bin/env /usr/bin/cmake --install /home/user/ros2_ws/build/yaren_description
[0.842s] Level 1:colcon.colcon_core.environment:checking '/home/user/ros2_ws/install/yaren_description' for CMake module files
[0.843s] Level 1:colcon.colcon_core.environment:checking '/home/user/ros2_ws/install/yaren_description' for CMake config files
[0.846s] Level 1:colcon.colcon_core.shell:create_environment_hook('yaren_description', 'cmake_prefix_path')
[0.847s] INFO:colcon.colcon_core.shell:Creating environment hook '/home/user/ros2_ws/install/yaren_description/share/yaren_description/hook/cmake_prefix_path.ps1'
[0.848s] INFO:colcon.colcon_core.shell:Creating environment descriptor '/home/user/ros2_ws/install/yaren_description/share/yaren_description/hook/cmake_prefix_path.dsv'
[0.848s] INFO:colcon.colcon_core.shell:Creating environment hook '/home/user/ros2_ws/install/yaren_description/share/yaren_description/hook/cmake_prefix_path.sh'
[0.850s] Level 1:colcon.colcon_core.environment:checking '/home/user/ros2_ws/install/yaren_description/bin'
[0.850s] Level 1:colcon.colcon_core.environment:checking '/home/user/ros2_ws/install/yaren_description/lib/pkgconfig/yaren_description.pc'
[0.853s] Level 1:colcon.colcon_core.environment:checking '/home/user/ros2_ws/install/yaren_description/lib/python3.10/site-packages'
[0.853s] Level 1:colcon.colcon_core.environment:checking '/home/user/ros2_ws/install/yaren_description/bin'
[0.854s] INFO:colcon.colcon_core.shell:Creating package script '/home/user/ros2_ws/install/yaren_description/share/yaren_description/package.ps1'
[0.855s] INFO:colcon.colcon_core.shell:Creating package descriptor '/home/user/ros2_ws/install/yaren_description/share/yaren_description/package.dsv'
[0.856s] INFO:colcon.colcon_core.shell:Creating package script '/home/user/ros2_ws/install/yaren_description/share/yaren_description/package.sh'
[0.857s] INFO:colcon.colcon_core.shell:Creating package script '/home/user/ros2_ws/install/yaren_description/share/yaren_description/package.bash'
[0.858s] INFO:colcon.colcon_core.shell:Creating package script '/home/user/ros2_ws/install/yaren_description/share/yaren_description/package.zsh'
[0.859s] Level 1:colcon.colcon_core.environment:create_file_with_runtime_dependencies(/home/user/ros2_ws/install/yaren_description/share/colcon-core/packages/yaren_description)
[0.925s] Level 1:colcon.colcon_core.environment:create_environment_scripts_only(yaren_description)
[0.926s] Level 1:colcon.colcon_core.environment:checking '/home/user/ros2_ws/install/yaren_description' for CMake module files
[0.926s] Level 1:colcon.colcon_core.environment:checking '/home/user/ros2_ws/install/yaren_description' for CMake config files
[0.927s] Level 1:colcon.colcon_core.shell:create_environment_hook('yaren_description', 'cmake_prefix_path')
[0.927s] INFO:colcon.colcon_core.shell:Creating environment hook '/home/user/ros2_ws/install/yaren_description/share/yaren_description/hook/cmake_prefix_path.ps1'
[0.928s] INFO:colcon.colcon_core.shell:Creating environment descriptor '/home/user/ros2_ws/install/yaren_description/share/yaren_description/hook/cmake_prefix_path.dsv'
[0.928s] INFO:colcon.colcon_core.shell:Creating environment hook '/home/user/ros2_ws/install/yaren_description/share/yaren_description/hook/cmake_prefix_path.sh'
[0.929s] Level 1:colcon.colcon_core.environment:checking '/home/user/ros2_ws/install/yaren_description/bin'
[0.929s] Level 1:colcon.colcon_core.environment:checking '/home/user/ros2_ws/install/yaren_description/lib/pkgconfig/yaren_description.pc'
[0.929s] Level 1:colcon.colcon_core.environment:checking '/home/user/ros2_ws/install/yaren_description/lib/python3.10/site-packages'
[0.930s] Level 1:colcon.colcon_core.environment:checking '/home/user/ros2_ws/install/yaren_description/bin'
[0.931s] INFO:colcon.colcon_core.shell:Creating package script '/home/user/ros2_ws/install/yaren_description/share/yaren_description/package.ps1'
[0.932s] INFO:colcon.colcon_core.shell:Creating package descriptor '/home/user/ros2_ws/install/yaren_description/share/yaren_description/package.dsv'
[0.933s] INFO:colcon.colcon_core.shell:Creating package script '/home/user/ros2_ws/install/yaren_description/share/yaren_description/package.sh'
[0.933s] INFO:colcon.colcon_core.shell:Creating package script '/home/user/ros2_ws/install/yaren_description/share/yaren_description/package.bash'
[0.934s] INFO:colcon.colcon_core.shell:Creating package script '/home/user/ros2_ws/install/yaren_description/share/yaren_description/package.zsh'
[0.934s] Level 1:colcon.colcon_core.environment:create_file_with_runtime_dependencies(/home/user/ros2_ws/install/yaren_description/share/colcon-core/packages/yaren_description)
[0.935s] INFO:colcon.colcon_ros.task.ament_cmake.build:Building ROS package in '/home/user/ros2_ws/src/YAREN-main/moveit' with build type 'ament_cmake'
[0.936s] INFO:colcon.colcon_cmake.task.cmake.build:Building CMake package in '/home/user/ros2_ws/src/YAREN-main/moveit'
[0.936s] INFO:colcon.colcon_core.shell:Skip shell extension 'powershell' for command environment: Not usable outside of PowerShell
[0.936s] DEBUG:colcon.colcon_core.shell:Skip shell extension 'dsv' for command environment
[0.967s] DEBUG:colcon.colcon_core.event_handler.log_command:Invoking command in '/home/user/ros2_ws/build/moveit': CMAKE_PREFIX_PATH=/home/user/ros2_ws/install/yaren_description:/home/simulations/ros2_sims_ws/install/common_interfaces:/home/simulations/ros2_sims_ws/install/visualization_msgs:/home/simulations/ros2_sims_ws/install/test_msgs:/home/simulations/ros2_sims_ws/install/example_interfaces:/home/simulations/ros2_sims_ws/install/action_msgs:/home/simulations/ros2_sims_ws/install/unique_identifier_msgs:/home/simulations/ros2_sims_ws/install/trajectory_msgs:/home/simulations/ros2_sims_ws/install/test_interface_files:/home/simulations/ros2_sims_ws/install/stereo_msgs:/home/simulations/ros2_sims_ws/install/std_srvs:/home/simulations/ros2_sims_ws/install/shape_msgs:/home/simulations/ros2_sims_ws/install/sensor_msgs:/home/simulations/ros2_sims_ws/install/nav_msgs:/home/simulations/ros2_sims_ws/install/diagnostic_msgs:/home/simulations/ros2_sims_ws/install/geometry_msgs:/home/simulations/ros2_sims_ws/install/actionlib_msgs:/home/simulations/ros2_sims_ws/install/std_msgs:/home/simulations/ros2_sims_ws/install/statistics_msgs:/home/simulations/ros2_sims_ws/install/rosgraph_msgs:/home/simulations/ros2_sims_ws/install/rclrs_example_msgs:/home/simulations/ros2_sims_ws/install/composition_interfaces:/home/simulations/ros2_sims_ws/install/rcl_interfaces:/home/simulations/ros2_sims_ws/install/lifecycle_msgs:/home/simulations/ros2_sims_ws/install/builtin_interfaces:/home/simulations/ros2_sims_ws/install/rosidl_default_runtime:/home/simulations/ros2_sims_ws/install/rosidl_default_generators:/home/simulations/ros2_sims_ws/install/rosidl_generator_rs:/home/user/ros2_ws/install/moveit:/home/simulations/ros2_sims_ws/install/rclrs_tests:/home/simulations/ros2_sims_ws/install/examples_rclrs_minimal_client_service:/home/simulations/ros2_sims_ws/install/sensor_msgs_py:/home/simulations/ros2_sims_ws/install/examples_rclrs_minimal_pub_sub:/home/simulations/ros2_sims_ws/install/examples_rclrs_message_demo:/home/simulations/ros2_sims_ws/install/rclrs:/home/simulations/ros2_sims_ws/install/rosidl_runtime_rs:/opt/ros/humble _=/usr/bin/env /usr/bin/cmake --build /home/user/ros2_ws/build/moveit -- -j8 -l8
[14.308s] DEBUG:colcon.colcon_core.event_handler.log_command:Invoked command in '/home/user/ros2_ws/build/moveit' returned '0': CMAKE_PREFIX_PATH=/home/user/ros2_ws/install/yaren_description:/home/simulations/ros2_sims_ws/install/common_interfaces:/home/simulations/ros2_sims_ws/install/visualization_msgs:/home/simulations/ros2_sims_ws/install/test_msgs:/home/simulations/ros2_sims_ws/install/example_interfaces:/home/simulations/ros2_sims_ws/install/action_msgs:/home/simulations/ros2_sims_ws/install/unique_identifier_msgs:/home/simulations/ros2_sims_ws/install/trajectory_msgs:/home/simulations/ros2_sims_ws/install/test_interface_files:/home/simulations/ros2_sims_ws/install/stereo_msgs:/home/simulations/ros2_sims_ws/install/std_srvs:/home/simulations/ros2_sims_ws/install/shape_msgs:/home/simulations/ros2_sims_ws/install/sensor_msgs:/home/simulations/ros2_sims_ws/install/nav_msgs:/home/simulations/ros2_sims_ws/install/diagnostic_msgs:/home/simulations/ros2_sims_ws/install/geometry_msgs:/home/simulations/ros2_sims_ws/install/actionlib_msgs:/home/simulations/ros2_sims_ws/install/std_msgs:/home/simulations/ros2_sims_ws/install/statistics_msgs:/home/simulations/ros2_sims_ws/install/rosgraph_msgs:/home/simulations/ros2_sims_ws/install/rclrs_example_msgs:/home/simulations/ros2_sims_ws/install/composition_interfaces:/home/simulations/ros2_sims_ws/install/rcl_interfaces:/home/simulations/ros2_sims_ws/install/lifecycle_msgs:/home/simulations/ros2_sims_ws/install/builtin_interfaces:/home/simulations/ros2_sims_ws/install/rosidl_default_runtime:/home/simulations/ros2_sims_ws/install/rosidl_default_generators:/home/simulations/ros2_sims_ws/install/rosidl_generator_rs:/home/user/ros2_ws/install/moveit:/home/simulations/ros2_sims_ws/install/rclrs_tests:/home/simulations/ros2_sims_ws/install/examples_rclrs_minimal_client_service:/home/simulations/ros2_sims_ws/install/sensor_msgs_py:/home/simulations/ros2_sims_ws/install/examples_rclrs_minimal_pub_sub:/home/simulations/ros2_sims_ws/install/examples_rclrs_message_demo:/home/simulations/ros2_sims_ws/install/rclrs:/home/simulations/ros2_sims_ws/install/rosidl_runtime_rs:/opt/ros/humble _=/usr/bin/env /usr/bin/cmake --build /home/user/ros2_ws/build/moveit -- -j8 -l8
[14.381s] DEBUG:colcon.colcon_core.event_handler.log_command:Invoking command in '/home/user/ros2_ws/build/moveit': CMAKE_PREFIX_PATH=/home/user/ros2_ws/install/yaren_description:/home/simulations/ros2_sims_ws/install/common_interfaces:/home/simulations/ros2_sims_ws/install/visualization_msgs:/home/simulations/ros2_sims_ws/install/test_msgs:/home/simulations/ros2_sims_ws/install/example_interfaces:/home/simulations/ros2_sims_ws/install/action_msgs:/home/simulations/ros2_sims_ws/install/unique_identifier_msgs:/home/simulations/ros2_sims_ws/install/trajectory_msgs:/home/simulations/ros2_sims_ws/install/test_interface_files:/home/simulations/ros2_sims_ws/install/stereo_msgs:/home/simulations/ros2_sims_ws/install/std_srvs:/home/simulations/ros2_sims_ws/install/shape_msgs:/home/simulations/ros2_sims_ws/install/sensor_msgs:/home/simulations/ros2_sims_ws/install/nav_msgs:/home/simulations/ros2_sims_ws/install/diagnostic_msgs:/home/simulations/ros2_sims_ws/install/geometry_msgs:/home/simulations/ros2_sims_ws/install/actionlib_msgs:/home/simulations/ros2_sims_ws/install/std_msgs:/home/simulations/ros2_sims_ws/install/statistics_msgs:/home/simulations/ros2_sims_ws/install/rosgraph_msgs:/home/simulations/ros2_sims_ws/install/rclrs_example_msgs:/home/simulations/ros2_sims_ws/install/composition_interfaces:/home/simulations/ros2_sims_ws/install/rcl_interfaces:/home/simulations/ros2_sims_ws/install/lifecycle_msgs:/home/simulations/ros2_sims_ws/install/builtin_interfaces:/home/simulations/ros2_sims_ws/install/rosidl_default_runtime:/home/simulations/ros2_sims_ws/install/rosidl_default_generators:/home/simulations/ros2_sims_ws/install/rosidl_generator_rs:/home/user/ros2_ws/install/moveit:/home/simulations/ros2_sims_ws/install/rclrs_tests:/home/simulations/ros2_sims_ws/install/examples_rclrs_minimal_client_service:/home/simulations/ros2_sims_ws/install/sensor_msgs_py:/home/simulations/ros2_sims_ws/install/examples_rclrs_minimal_pub_sub:/home/simulations/ros2_sims_ws/install/examples_rclrs_message_demo:/home/simulations/ros2_sims_ws/install/rclrs:/home/simulations/ros2_sims_ws/install/rosidl_runtime_rs:/opt/ros/humble _=/usr/bin/env /usr/bin/cmake --install /home/user/ros2_ws/build/moveit
[14.425s] Level 1:colcon.colcon_core.environment:create_environment_scripts_only(moveit)
[14.425s] Level 1:colcon.colcon_core.environment:checking '/home/user/ros2_ws/install/moveit' for CMake module files
[14.426s] DEBUG:colcon.colcon_core.event_handler.log_command:Invoked command in '/home/user/ros2_ws/build/moveit' returned '0': CMAKE_PREFIX_PATH=/home/user/ros2_ws/install/yaren_description:/home/simulations/ros2_sims_ws/install/common_interfaces:/home/simulations/ros2_sims_ws/install/visualization_msgs:/home/simulations/ros2_sims_ws/install/test_msgs:/home/simulations/ros2_sims_ws/install/example_interfaces:/home/simulations/ros2_sims_ws/install/action_msgs:/home/simulations/ros2_sims_ws/install/unique_identifier_msgs:/home/simulations/ros2_sims_ws/install/trajectory_msgs:/home/simulations/ros2_sims_ws/install/test_interface_files:/home/simulations/ros2_sims_ws/install/stereo_msgs:/home/simulations/ros2_sims_ws/install/std_srvs:/home/simulations/ros2_sims_ws/install/shape_msgs:/home/simulations/ros2_sims_ws/install/sensor_msgs:/home/simulations/ros2_sims_ws/install/nav_msgs:/home/simulations/ros2_sims_ws/install/diagnostic_msgs:/home/simulations/ros2_sims_ws/install/geometry_msgs:/home/simulations/ros2_sims_ws/install/actionlib_msgs:/home/simulations/ros2_sims_ws/install/std_msgs:/home/simulations/ros2_sims_ws/install/statistics_msgs:/home/simulations/ros2_sims_ws/install/rosgraph_msgs:/home/simulations/ros2_sims_ws/install/rclrs_example_msgs:/home/simulations/ros2_sims_ws/install/composition_interfaces:/home/simulations/ros2_sims_ws/install/rcl_interfaces:/home/simulations/ros2_sims_ws/install/lifecycle_msgs:/home/simulations/ros2_sims_ws/install/builtin_interfaces:/home/simulations/ros2_sims_ws/install/rosidl_default_runtime:/home/simulations/ros2_sims_ws/install/rosidl_default_generators:/home/simulations/ros2_sims_ws/install/rosidl_generator_rs:/home/user/ros2_ws/install/moveit:/home/simulations/ros2_sims_ws/install/rclrs_tests:/home/simulations/ros2_sims_ws/install/examples_rclrs_minimal_client_service:/home/simulations/ros2_sims_ws/install/sensor_msgs_py:/home/simulations/ros2_sims_ws/install/examples_rclrs_minimal_pub_sub:/home/simulations/ros2_sims_ws/install/examples_rclrs_message_demo:/home/simulations/ros2_sims_ws/install/rclrs:/home/simulations/ros2_sims_ws/install/rosidl_runtime_rs:/opt/ros/humble _=/usr/bin/env /usr/bin/cmake --install /home/user/ros2_ws/build/moveit
[14.427s] Level 1:colcon.colcon_core.environment:checking '/home/user/ros2_ws/install/moveit' for CMake config files
[14.428s] Level 1:colcon.colcon_core.shell:create_environment_hook('moveit', 'cmake_prefix_path')
[14.428s] INFO:colcon.colcon_core.shell:Creating environment hook '/home/user/ros2_ws/install/moveit/share/moveit/hook/cmake_prefix_path.ps1'
[14.429s] INFO:colcon.colcon_core.shell:Creating environment descriptor '/home/user/ros2_ws/install/moveit/share/moveit/hook/cmake_prefix_path.dsv'
[14.429s] INFO:colcon.colcon_core.shell:Creating environment hook '/home/user/ros2_ws/install/moveit/share/moveit/hook/cmake_prefix_path.sh'
[14.430s] Level 1:colcon.colcon_core.environment:checking '/home/user/ros2_ws/install/moveit/lib'
[14.430s] Level 1:colcon.colcon_core.environment:checking '/home/user/ros2_ws/install/moveit/bin'
[14.431s] Level 1:colcon.colcon_core.environment:checking '/home/user/ros2_ws/install/moveit/lib/pkgconfig/moveit.pc'
[14.431s] Level 1:colcon.colcon_core.environment:checking '/home/user/ros2_ws/install/moveit/lib/python3.10/site-packages'
[14.431s] Level 1:colcon.colcon_core.environment:checking '/home/user/ros2_ws/install/moveit/bin'
[14.432s] INFO:colcon.colcon_core.shell:Creating package script '/home/user/ros2_ws/install/moveit/share/moveit/package.ps1'
[14.432s] INFO:colcon.colcon_core.shell:Creating package descriptor '/home/user/ros2_ws/install/moveit/share/moveit/package.dsv'
[14.432s] INFO:colcon.colcon_core.shell:Creating package script '/home/user/ros2_ws/install/moveit/share/moveit/package.sh'
[14.433s] INFO:colcon.colcon_core.shell:Creating package script '/home/user/ros2_ws/install/moveit/share/moveit/package.bash'
[14.433s] INFO:colcon.colcon_core.shell:Creating package script '/home/user/ros2_ws/install/moveit/share/moveit/package.zsh'
[14.434s] Level 1:colcon.colcon_core.environment:create_file_with_runtime_dependencies(/home/user/ros2_ws/install/moveit/share/colcon-core/packages/moveit)
[14.512s] Level 1:colcon.colcon_core.environment:create_environment_scripts_only(moveit)
[14.512s] Level 1:colcon.colcon_core.environment:checking '/home/user/ros2_ws/install/moveit' for CMake module files
[14.513s] Level 1:colcon.colcon_core.environment:checking '/home/user/ros2_ws/install/moveit' for CMake config files
[14.514s] Level 1:colcon.colcon_core.shell:create_environment_hook('moveit', 'cmake_prefix_path')
[14.514s] INFO:colcon.colcon_core.shell:Creating environment hook '/home/user/ros2_ws/install/moveit/share/moveit/hook/cmake_prefix_path.ps1'
[14.515s] INFO:colcon.colcon_core.shell:Creating environment descriptor '/home/user/ros2_ws/install/moveit/share/moveit/hook/cmake_prefix_path.dsv'
[14.515s] INFO:colcon.colcon_core.shell:Creating environment hook '/home/user/ros2_ws/install/moveit/share/moveit/hook/cmake_prefix_path.sh'
[14.516s] Level 1:colcon.colcon_core.environment:checking '/home/user/ros2_ws/install/moveit/lib'
[14.516s] Level 1:colcon.colcon_core.environment:checking '/home/user/ros2_ws/install/moveit/bin'
[14.516s] Level 1:colcon.colcon_core.environment:checking '/home/user/ros2_ws/install/moveit/lib/pkgconfig/moveit.pc'
[14.517s] Level 1:colcon.colcon_core.environment:checking '/home/user/ros2_ws/install/moveit/lib/python3.10/site-packages'
[14.517s] Level 1:colcon.colcon_core.environment:checking '/home/user/ros2_ws/install/moveit/bin'
[14.517s] INFO:colcon.colcon_core.shell:Creating package script '/home/user/ros2_ws/install/moveit/share/moveit/package.ps1'
[14.518s] INFO:colcon.colcon_core.shell:Creating package descriptor '/home/user/ros2_ws/install/moveit/share/moveit/package.dsv'
[14.519s] INFO:colcon.colcon_core.shell:Creating package script '/home/user/ros2_ws/install/moveit/share/moveit/package.sh'
[14.519s] INFO:colcon.colcon_core.shell:Creating package script '/home/user/ros2_ws/install/moveit/share/moveit/package.bash'
[14.520s] INFO:colcon.colcon_core.shell:Creating package script '/home/user/ros2_ws/install/moveit/share/moveit/package.zsh'
[14.521s] Level 1:colcon.colcon_core.environment:create_file_with_runtime_dependencies(/home/user/ros2_ws/install/moveit/share/colcon-core/packages/moveit)
[14.521s] DEBUG:colcon.colcon_parallel_executor.executor.parallel:closing loop
[14.522s] DEBUG:colcon.colcon_parallel_executor.executor.parallel:loop closed
[14.522s] DEBUG:colcon.colcon_parallel_executor.executor.parallel:run_until_complete finished with '0'
[14.522s] DEBUG:colcon.colcon_core.event_reactor:joining thread
[14.534s] INFO:colcon.colcon_core.plugin_system:Skipping extension 'colcon_notification.desktop_notification.notify_send': Could not find 'notify-send'
[14.534s] INFO:colcon.colcon_core.plugin_system:Skipping extension 'colcon_notification.desktop_notification.terminal_notifier': Not used on non-Darwin systems
[14.534s] INFO:colcon.colcon_core.plugin_system:Skipping extension 'colcon_notification.desktop_notification.win32': Not used on non-Windows systems
[14.534s] INFO:colcon.colcon_notification.desktop_notification:Sending desktop notification using 'notify2'
[14.538s] DEBUG:colcon.colcon_notification.desktop_notification.notify2:Failed to initialize notify2: org.freedesktop.DBus.Error.Spawn.ExecFailed: /usr/bin/dbus-launch terminated abnormally without any error message
[14.538s] DEBUG:colcon.colcon_core.event_reactor:joined thread
[14.539s] INFO:colcon.colcon_core.shell:Creating prefix script '/home/user/ros2_ws/install/local_setup.ps1'
[14.541s] INFO:colcon.colcon_core.shell:Creating prefix util module '/home/user/ros2_ws/install/_local_setup_util_ps1.py'
[14.542s] INFO:colcon.colcon_core.shell:Creating prefix chain script '/home/user/ros2_ws/install/setup.ps1'
[14.546s] INFO:colcon.colcon_core.shell:Creating prefix script '/home/user/ros2_ws/install/local_setup.sh'
[14.547s] INFO:colcon.colcon_core.shell:Creating prefix util module '/home/user/ros2_ws/install/_local_setup_util_sh.py'
[14.548s] INFO:colcon.colcon_core.shell:Creating prefix chain script '/home/user/ros2_ws/install/setup.sh'
[14.551s] INFO:colcon.colcon_core.shell:Creating prefix script '/home/user/ros2_ws/install/local_setup.bash'
[14.551s] INFO:colcon.colcon_core.shell:Creating prefix chain script '/home/user/ros2_ws/install/setup.bash'
[14.555s] INFO:colcon.colcon_core.shell:Creating prefix script '/home/user/ros2_ws/install/local_setup.zsh'
[14.555s] INFO:colcon.colcon_core.shell:Creating prefix chain script '/home/user/ros2_ws/install/setup.zsh'
