[0.029s] Invoking command in '/home/user/ros2_ws/build/moveit': CMAKE_PREFIX_PATH=/home/user/ros2_ws/install/yaren_description:/home/simulations/ros2_sims_ws/install/common_interfaces:/home/simulations/ros2_sims_ws/install/visualization_msgs:/home/simulations/ros2_sims_ws/install/test_msgs:/home/simulations/ros2_sims_ws/install/example_interfaces:/home/simulations/ros2_sims_ws/install/action_msgs:/home/simulations/ros2_sims_ws/install/unique_identifier_msgs:/home/simulations/ros2_sims_ws/install/trajectory_msgs:/home/simulations/ros2_sims_ws/install/test_interface_files:/home/simulations/ros2_sims_ws/install/stereo_msgs:/home/simulations/ros2_sims_ws/install/std_srvs:/home/simulations/ros2_sims_ws/install/shape_msgs:/home/simulations/ros2_sims_ws/install/sensor_msgs:/home/simulations/ros2_sims_ws/install/nav_msgs:/home/simulations/ros2_sims_ws/install/diagnostic_msgs:/home/simulations/ros2_sims_ws/install/geometry_msgs:/home/simulations/ros2_sims_ws/install/actionlib_msgs:/home/simulations/ros2_sims_ws/install/std_msgs:/home/simulations/ros2_sims_ws/install/statistics_msgs:/home/simulations/ros2_sims_ws/install/rosgraph_msgs:/home/simulations/ros2_sims_ws/install/rclrs_example_msgs:/home/simulations/ros2_sims_ws/install/composition_interfaces:/home/simulations/ros2_sims_ws/install/rcl_interfaces:/home/simulations/ros2_sims_ws/install/lifecycle_msgs:/home/simulations/ros2_sims_ws/install/builtin_interfaces:/home/simulations/ros2_sims_ws/install/rosidl_default_runtime:/home/simulations/ros2_sims_ws/install/rosidl_default_generators:/home/simulations/ros2_sims_ws/install/rosidl_generator_rs:/home/user/ros2_ws/install/moveit:/home/simulations/ros2_sims_ws/install/rclrs_tests:/home/simulations/ros2_sims_ws/install/examples_rclrs_minimal_client_service:/home/simulations/ros2_sims_ws/install/sensor_msgs_py:/home/simulations/ros2_sims_ws/install/examples_rclrs_minimal_pub_sub:/home/simulations/ros2_sims_ws/install/examples_rclrs_message_demo:/home/simulations/ros2_sims_ws/install/rclrs:/home/simulations/ros2_sims_ws/install/rosidl_runtime_rs:/opt/ros/humble _=/usr/bin/env /usr/bin/cmake --build /home/user/ros2_ws/build/moveit -- -j8 -l8
[0.114s] [35m[1mConsolidate compiler generated dependencies of target move_yaren[0m
[0.157s] [ 50%] [32mBuilding CXX object CMakeFiles/move_yaren.dir/src/move_yaren.cpp.o[0m
[6.945s] [01m[K/home/user/ros2_ws/src/YAREN-main/moveit/src/move_yaren.cpp:[m[K In constructor '[01m[KMoveYaren::MoveYaren()[m[K':
[6.946s] [01m[K/home/user/ros2_ws/src/YAREN-main/moveit/src/move_yaren.cpp:15:88:[m[K [01;31m[Kerror: [m[Kreference to '[01m[Kshared_from_this[m[K' is ambiguous
[6.946s]    15 | anning_interface::MoveGroupInterface>([01;31m[Kshared_from_this[m[K(), "yaren_arm");
[6.946s]       |                                       [01;31m[K^~~~~~~~~~~~~~~~[m[K
[6.946s] 
[6.946s] In file included from [01m[K/usr/include/c++/11/memory:77[m[K,
[6.946s]                  from [01m[K/opt/ros/humble/include/rclcpp/rclcpp/rclcpp.hpp:153[m[K,
[6.946s]                  from [01m[K/home/user/ros2_ws/src/YAREN-main/moveit/src/move_yaren.cpp:1[m[K:
[6.946s] [01m[K/usr/include/c++/11/bits/shared_ptr.h:811:7:[m[K [01;36m[Knote: [m[Kcandidates are: '[01m[Kstd::shared_ptr<const _Tp> std::enable_shared_from_this<_Tp>::shared_from_this() const [with _Tp = MoveYaren][m[K'
[6.946s]   811 |       [01;36m[Kshared_from_this[m[K() const
[6.947s]       |       [01;36m[K^~~~~~~~~~~~~~~~[m[K
[6.947s] [01m[K/usr/include/c++/11/bits/shared_ptr.h:807:7:[m[K [01;36m[Knote: [m[K                '[01m[Kstd::shared_ptr<_Tp> std::enable_shared_from_this<_Tp>::shared_from_this() [with _Tp = MoveYaren][m[K'
[6.947s]   807 |       [01;36m[Kshared_from_this[m[K()
[6.947s]       |       [01;36m[K^~~~~~~~~~~~~~~~[m[K
[6.947s] [01m[K/usr/include/c++/11/bits/shared_ptr.h:811:7:[m[K [01;36m[Knote: [m[K                '[01m[Kstd::shared_ptr<const _Tp> std::enable_shared_from_this<_Tp>::shared_from_this() const [with _Tp = rclcpp::Node][m[K'
[6.947s]   811 |       [01;36m[Kshared_from_this[m[K() const
[6.947s]       |       [01;36m[K^~~~~~~~~~~~~~~~[m[K
[6.947s] [01m[K/usr/include/c++/11/bits/shared_ptr.h:807:7:[m[K [01;36m[Knote: [m[K                '[01m[Kstd::shared_ptr<_Tp> std::enable_shared_from_this<_Tp>::shared_from_this() [with _Tp = rclcpp::Node][m[K'
[6.947s]   807 |       [01;36m[Kshared_from_this[m[K()
[6.947s]       |       [01;36m[K^~~~~~~~~~~~~~~~[m[K
[12.561s] gmake[2]: *** [CMakeFiles/move_yaren.dir/build.make:76: CMakeFiles/move_yaren.dir/src/move_yaren.cpp.o] Error 1
[12.562s] gmake[1]: *** [CMakeFiles/Makefile2:137: CMakeFiles/move_yaren.dir/all] Error 2
[12.562s] gmake: *** [Makefile:146: all] Error 2
[12.564s] Invoked command in '/home/user/ros2_ws/build/moveit' returned '2': CMAKE_PREFIX_PATH=/home/user/ros2_ws/install/yaren_description:/home/simulations/ros2_sims_ws/install/common_interfaces:/home/simulations/ros2_sims_ws/install/visualization_msgs:/home/simulations/ros2_sims_ws/install/test_msgs:/home/simulations/ros2_sims_ws/install/example_interfaces:/home/simulations/ros2_sims_ws/install/action_msgs:/home/simulations/ros2_sims_ws/install/unique_identifier_msgs:/home/simulations/ros2_sims_ws/install/trajectory_msgs:/home/simulations/ros2_sims_ws/install/test_interface_files:/home/simulations/ros2_sims_ws/install/stereo_msgs:/home/simulations/ros2_sims_ws/install/std_srvs:/home/simulations/ros2_sims_ws/install/shape_msgs:/home/simulations/ros2_sims_ws/install/sensor_msgs:/home/simulations/ros2_sims_ws/install/nav_msgs:/home/simulations/ros2_sims_ws/install/diagnostic_msgs:/home/simulations/ros2_sims_ws/install/geometry_msgs:/home/simulations/ros2_sims_ws/install/actionlib_msgs:/home/simulations/ros2_sims_ws/install/std_msgs:/home/simulations/ros2_sims_ws/install/statistics_msgs:/home/simulations/ros2_sims_ws/install/rosgraph_msgs:/home/simulations/ros2_sims_ws/install/rclrs_example_msgs:/home/simulations/ros2_sims_ws/install/composition_interfaces:/home/simulations/ros2_sims_ws/install/rcl_interfaces:/home/simulations/ros2_sims_ws/install/lifecycle_msgs:/home/simulations/ros2_sims_ws/install/builtin_interfaces:/home/simulations/ros2_sims_ws/install/rosidl_default_runtime:/home/simulations/ros2_sims_ws/install/rosidl_default_generators:/home/simulations/ros2_sims_ws/install/rosidl_generator_rs:/home/user/ros2_ws/install/moveit:/home/simulations/ros2_sims_ws/install/rclrs_tests:/home/simulations/ros2_sims_ws/install/examples_rclrs_minimal_client_service:/home/simulations/ros2_sims_ws/install/sensor_msgs_py:/home/simulations/ros2_sims_ws/install/examples_rclrs_minimal_pub_sub:/home/simulations/ros2_sims_ws/install/examples_rclrs_message_demo:/home/simulations/ros2_sims_ws/install/rclrs:/home/simulations/ros2_sims_ws/install/rosidl_runtime_rs:/opt/ros/humble _=/usr/bin/env /usr/bin/cmake --build /home/user/ros2_ws/build/moveit -- -j8 -l8
