[0.199s] Invoking command in '/home/user/ros2_ws/build/yaren_description': CMAKE_PREFIX_PATH=${CMAKE_PREFIX_PATH}:/home/simulations/ros2_sims_ws/install/rclrs_tests:/home/simulations/ros2_sims_ws/install/examples_rclrs_minimal_client_service:/home/simulations/ros2_sims_ws/install/sensor_msgs_py:/home/simulations/ros2_sims_ws/install/examples_rclrs_minimal_pub_sub:/home/simulations/ros2_sims_ws/install/examples_rclrs_message_demo:/home/simulations/ros2_sims_ws/install/rclrs:/home/simulations/ros2_sims_ws/install/rosidl_runtime_rs:/opt/ros/humble _=/usr/bin/env /usr/bin/cmake --build /home/user/ros2_ws/build/yaren_description -- -j8 -l8
[4.691s] Invoked command in '/home/user/ros2_ws/build/yaren_description' returned '0': CMAKE_PREFIX_PATH=${CMAKE_PREFIX_PATH}:/home/simulations/ros2_sims_ws/install/rclrs_tests:/home/simulations/ros2_sims_ws/install/examples_rclrs_minimal_client_service:/home/simulations/ros2_sims_ws/install/sensor_msgs_py:/home/simulations/ros2_sims_ws/install/examples_rclrs_minimal_pub_sub:/home/simulations/ros2_sims_ws/install/examples_rclrs_message_demo:/home/simulations/ros2_sims_ws/install/rclrs:/home/simulations/ros2_sims_ws/install/rosidl_runtime_rs:/opt/ros/humble _=/usr/bin/env /usr/bin/cmake --build /home/user/ros2_ws/build/yaren_description -- -j8 -l8
[4.785s] Invoking command in '/home/user/ros2_ws/build/yaren_description': CMAKE_PREFIX_PATH=${CMAKE_PREFIX_PATH}:/home/simulations/ros2_sims_ws/install/rclrs_tests:/home/simulations/ros2_sims_ws/install/examples_rclrs_minimal_client_service:/home/simulations/ros2_sims_ws/install/sensor_msgs_py:/home/simulations/ros2_sims_ws/install/examples_rclrs_minimal_pub_sub:/home/simulations/ros2_sims_ws/install/examples_rclrs_message_demo:/home/simulations/ros2_sims_ws/install/rclrs:/home/simulations/ros2_sims_ws/install/rosidl_runtime_rs:/opt/ros/humble _=/usr/bin/env /usr/bin/cmake --install /home/user/ros2_ws/build/yaren_description
[4.803s] -- Install configuration: ""
[4.811s] -- Execute custom install script
[4.811s] -- Up-to-date symlink: /home/user/ros2_ws/install/yaren_description/share/yaren_description//config/joint_names_yaren_description.yaml
[4.812s] -- Up-to-date symlink: /home/user/ros2_ws/install/yaren_description/share/yaren_description//config/joint_trajectory_controller.yaml
[4.812s] -- Up-to-date symlink: /home/user/ros2_ws/install/yaren_description/share/yaren_description//launch/bringup.launch.py
[4.813s] -- Up-to-date symlink: /home/user/ros2_ws/install/yaren_description/share/yaren_description//launch/empty_world.launch.py
[4.813s] -- Up-to-date symlink: /home/user/ros2_ws/install/yaren_description/share/yaren_description//launch/robot_state_publisher.launch.py
[4.813s] -- Up-to-date symlink: /home/user/ros2_ws/install/yaren_description/share/yaren_description//launch/spawn_yaren.launch.py
[4.814s] -- Up-to-date symlink: /home/user/ros2_ws/install/yaren_description/share/yaren_description//launch/yaren_description.launch.py
[4.814s] -- Up-to-date symlink: /home/user/ros2_ws/install/yaren_description/share/yaren_description//launch/yaren_gazebo.launch.py
[4.814s] -- Up-to-date symlink: /home/user/ros2_ws/install/yaren_description/share/yaren_description//meshes/Link_1.STL
[4.814s] -- Up-to-date symlink: /home/user/ros2_ws/install/yaren_description/share/yaren_description//meshes/Link_10.STL
[4.815s] -- Up-to-date symlink: /home/user/ros2_ws/install/yaren_description/share/yaren_description//meshes/Link_11.STL
[4.815s] -- Up-to-date symlink: /home/user/ros2_ws/install/yaren_description/share/yaren_description//meshes/Link_12.STL
[4.816s] -- Up-to-date symlink: /home/user/ros2_ws/install/yaren_description/share/yaren_description//meshes/Link_2.STL
[4.816s] -- Up-to-date symlink: /home/user/ros2_ws/install/yaren_description/share/yaren_description//meshes/Link_3.STL
[4.817s] -- Up-to-date symlink: /home/user/ros2_ws/install/yaren_description/share/yaren_description//meshes/Link_4.STL
[4.817s] -- Up-to-date symlink: /home/user/ros2_ws/install/yaren_description/share/yaren_description//meshes/Link_5.STL
[4.817s] -- Up-to-date symlink: /home/user/ros2_ws/install/yaren_description/share/yaren_description//meshes/Link_6.STL
[4.818s] -- Up-to-date symlink: /home/user/ros2_ws/install/yaren_description/share/yaren_description//meshes/Link_7.STL
[4.818s] -- Up-to-date symlink: /home/user/ros2_ws/install/yaren_description/share/yaren_description//meshes/Link_8.STL
[4.818s] -- Up-to-date symlink: /home/user/ros2_ws/install/yaren_description/share/yaren_description//meshes/Link_9.STL
[4.818s] -- Up-to-date symlink: /home/user/ros2_ws/install/yaren_description/share/yaren_description//meshes/base_link.STL
[4.818s] -- Up-to-date symlink: /home/user/ros2_ws/install/yaren_description/share/yaren_description//urdf/yaren.urdf.xacro
[4.819s] -- Up-to-date symlink: /home/user/ros2_ws/install/yaren_description/share/yaren_description//urdf/yaren_description.urdf.xacro
[4.819s] -- Up-to-date symlink: /home/user/ros2_ws/install/yaren_description/share/yaren_description//urdf/yaren_gazebo.xacro
[4.819s] -- Up-to-date symlink: /home/user/ros2_ws/install/yaren_description/share/yaren_description//rviz/yaren.rviz
[4.819s] -- Up-to-date symlink: /home/user/ros2_ws/install/yaren_description/share/yaren_description//world/empty_world.world
[4.819s] -- Up-to-date symlink: /home/user/ros2_ws/install/yaren_description/share/ament_index/resource_index/package_run_dependencies/yaren_description
[4.820s] -- Up-to-date symlink: /home/user/ros2_ws/install/yaren_description/share/ament_index/resource_index/parent_prefix_path/yaren_description
[4.820s] -- Up-to-date symlink: /home/user/ros2_ws/install/yaren_description/share/yaren_description/environment/ament_prefix_path.sh
[4.821s] -- Up-to-date symlink: /home/user/ros2_ws/install/yaren_description/share/yaren_description/environment/ament_prefix_path.dsv
[4.821s] -- Up-to-date symlink: /home/user/ros2_ws/install/yaren_description/share/yaren_description/environment/path.sh
[4.821s] -- Up-to-date symlink: /home/user/ros2_ws/install/yaren_description/share/yaren_description/environment/path.dsv
[4.821s] -- Up-to-date symlink: /home/user/ros2_ws/install/yaren_description/share/yaren_description/local_setup.bash
[4.822s] -- Up-to-date symlink: /home/user/ros2_ws/install/yaren_description/share/yaren_description/local_setup.sh
[4.822s] -- Up-to-date symlink: /home/user/ros2_ws/install/yaren_description/share/yaren_description/local_setup.zsh
[4.822s] -- Up-to-date symlink: /home/user/ros2_ws/install/yaren_description/share/yaren_description/local_setup.dsv
[4.822s] -- Symlinking: /home/user/ros2_ws/install/yaren_description/share/yaren_description/package.dsv
[4.840s] -- Up-to-date symlink: /home/user/ros2_ws/install/yaren_description/share/ament_index/resource_index/packages/yaren_description
[4.840s] -- Up-to-date symlink: /home/user/ros2_ws/install/yaren_description/share/yaren_description/cmake/yaren_descriptionConfig.cmake
[4.840s] -- Up-to-date symlink: /home/user/ros2_ws/install/yaren_description/share/yaren_description/cmake/yaren_descriptionConfig-version.cmake
[4.842s] -- Up-to-date symlink: /home/user/ros2_ws/install/yaren_description/share/yaren_description/package.xml
[4.843s] -- Up-to-date: /home/user/ros2_ws/install/yaren_description/share/yaren_description/config
[4.844s] Invoked command in '/home/user/ros2_ws/build/yaren_description' returned '0': CMAKE_PREFIX_PATH=${CMAKE_PREFIX_PATH}:/home/simulations/ros2_sims_ws/install/rclrs_tests:/home/simulations/ros2_sims_ws/install/examples_rclrs_minimal_client_service:/home/simulations/ros2_sims_ws/install/sensor_msgs_py:/home/simulations/ros2_sims_ws/install/examples_rclrs_minimal_pub_sub:/home/simulations/ros2_sims_ws/install/examples_rclrs_message_demo:/home/simulations/ros2_sims_ws/install/rclrs:/home/simulations/ros2_sims_ws/install/rosidl_runtime_rs:/opt/ros/humble _=/usr/bin/env /usr/bin/cmake --install /home/user/ros2_ws/build/yaren_description
