[0.030s] Invoking command in '/home/user/ros2_ws/build/yaren_description': CMAKE_PREFIX_PATH=${CMAKE_PREFIX_PATH}:/home/simulations/ros2_sims_ws/install/rclrs_tests:/home/simulations/ros2_sims_ws/install/examples_rclrs_minimal_client_service:/home/simulations/ros2_sims_ws/install/sensor_msgs_py:/home/simulations/ros2_sims_ws/install/examples_rclrs_minimal_pub_sub:/home/simulations/ros2_sims_ws/install/examples_rclrs_message_demo:/home/simulations/ros2_sims_ws/install/rclrs:/home/simulations/ros2_sims_ws/install/rosidl_runtime_rs:/opt/ros/humble _=/usr/bin/env /usr/bin/cmake --build /home/user/ros2_ws/build/yaren_description -- -j8 -l8
[0.105s] Invoked command in '/home/user/ros2_ws/build/yaren_description' returned '0': CMAKE_PREFIX_PATH=${CMAKE_PREFIX_PATH}:/home/simulations/ros2_sims_ws/install/rclrs_tests:/home/simulations/ros2_sims_ws/install/examples_rclrs_minimal_client_service:/home/simulations/ros2_sims_ws/install/sensor_msgs_py:/home/simulations/ros2_sims_ws/install/examples_rclrs_minimal_pub_sub:/home/simulations/ros2_sims_ws/install/examples_rclrs_message_demo:/home/simulations/ros2_sims_ws/install/rclrs:/home/simulations/ros2_sims_ws/install/rosidl_runtime_rs:/opt/ros/humble _=/usr/bin/env /usr/bin/cmake --build /home/user/ros2_ws/build/yaren_description -- -j8 -l8
[0.191s] Invoking command in '/home/user/ros2_ws/build/yaren_description': CMAKE_PREFIX_PATH=${CMAKE_PREFIX_PATH}:/home/simulations/ros2_sims_ws/install/rclrs_tests:/home/simulations/ros2_sims_ws/install/examples_rclrs_minimal_client_service:/home/simulations/ros2_sims_ws/install/sensor_msgs_py:/home/simulations/ros2_sims_ws/install/examples_rclrs_minimal_pub_sub:/home/simulations/ros2_sims_ws/install/examples_rclrs_message_demo:/home/simulations/ros2_sims_ws/install/rclrs:/home/simulations/ros2_sims_ws/install/rosidl_runtime_rs:/opt/ros/humble _=/usr/bin/env /usr/bin/cmake --install /home/user/ros2_ws/build/yaren_description
[0.205s] -- Install configuration: ""
[0.205s] -- Execute custom install script
[0.206s] -- Up-to-date symlink: /home/user/ros2_ws/install/yaren_description/share/yaren_description//config/joint_names_yaren_description.yaml
[0.206s] -- Up-to-date symlink: /home/user/ros2_ws/install/yaren_description/share/yaren_description//config/joint_trajectory_controller.yaml
[0.207s] -- Up-to-date symlink: /home/user/ros2_ws/install/yaren_description/share/yaren_description//launch/bringup.launch.py
[0.207s] -- Up-to-date symlink: /home/user/ros2_ws/install/yaren_description/share/yaren_description//launch/empty_world.launch.py
[0.207s] -- Up-to-date symlink: /home/user/ros2_ws/install/yaren_description/share/yaren_description//launch/robot_state_publisher.launch.py
[0.207s] -- Up-to-date symlink: /home/user/ros2_ws/install/yaren_description/share/yaren_description//launch/spawn_yaren.launch.py
[0.208s] -- Up-to-date symlink: /home/user/ros2_ws/install/yaren_description/share/yaren_description//launch/yaren_description.launch.py
[0.208s] -- Up-to-date symlink: /home/user/ros2_ws/install/yaren_description/share/yaren_description//launch/yaren_gazebo.launch.py
[0.209s] -- Up-to-date symlink: /home/user/ros2_ws/install/yaren_description/share/yaren_description//meshes/Link_1.STL
[0.209s] -- Up-to-date symlink: /home/user/ros2_ws/install/yaren_description/share/yaren_description//meshes/Link_10.STL
[0.209s] -- Up-to-date symlink: /home/user/ros2_ws/install/yaren_description/share/yaren_description//meshes/Link_11.STL
[0.209s] -- Up-to-date symlink: /home/user/ros2_ws/install/yaren_description/share/yaren_description//meshes/Link_12.STL
[0.209s] -- Up-to-date symlink: /home/user/ros2_ws/install/yaren_description/share/yaren_description//meshes/Link_2.STL
[0.210s] -- Up-to-date symlink: /home/user/ros2_ws/install/yaren_description/share/yaren_description//meshes/Link_3.STL
[0.210s] -- Up-to-date symlink: /home/user/ros2_ws/install/yaren_description/share/yaren_description//meshes/Link_4.STL
[0.210s] -- Up-to-date symlink: /home/user/ros2_ws/install/yaren_description/share/yaren_description//meshes/Link_5.STL
[0.210s] -- Up-to-date symlink: /home/user/ros2_ws/install/yaren_description/share/yaren_description//meshes/Link_6.STL
[0.211s] -- Up-to-date symlink: /home/user/ros2_ws/install/yaren_description/share/yaren_description//meshes/Link_7.STL
[0.211s] -- Up-to-date symlink: /home/user/ros2_ws/install/yaren_description/share/yaren_description//meshes/Link_8.STL
[0.211s] -- Up-to-date symlink: /home/user/ros2_ws/install/yaren_description/share/yaren_description//meshes/Link_9.STL
[0.212s] -- Up-to-date symlink: /home/user/ros2_ws/install/yaren_description/share/yaren_description//meshes/base_link.STL
[0.212s] -- Up-to-date symlink: /home/user/ros2_ws/install/yaren_description/share/yaren_description//urdf/yaren.urdf.xacro
[0.212s] -- Up-to-date symlink: /home/user/ros2_ws/install/yaren_description/share/yaren_description//urdf/yaren_description.urdf.xacro
[0.212s] -- Up-to-date symlink: /home/user/ros2_ws/install/yaren_description/share/yaren_description//urdf/yaren_gazebo.xacro
[0.212s] -- Up-to-date symlink: /home/user/ros2_ws/install/yaren_description/share/yaren_description//rviz/yaren.rviz
[0.213s] -- Up-to-date symlink: /home/user/ros2_ws/install/yaren_description/share/yaren_description//world/empty_world.world
[0.213s] [31mCMake Error at ament_cmake_symlink_install/ament_cmake_symlink_install.cmake:158 (message):
[0.213s]   ament_cmake_symlink_install_files() can't find
[0.213s]   '/home/user/ros2_ws/src/YAREN-main/yaren_description/config/yaren_description.srdf'
[0.213s] Call Stack (most recent call first):
[0.213s]   ament_cmake_symlink_install/ament_cmake_symlink_install.cmake:317 (ament_cmake_symlink_install_files)
[0.213s]   cmake_install.cmake:46 (include)
[0.213s] 
[0.214s] [0m
[0.219s] Invoked command in '/home/user/ros2_ws/build/yaren_description' returned '1': CMAKE_PREFIX_PATH=${CMAKE_PREFIX_PATH}:/home/simulations/ros2_sims_ws/install/rclrs_tests:/home/simulations/ros2_sims_ws/install/examples_rclrs_minimal_client_service:/home/simulations/ros2_sims_ws/install/sensor_msgs_py:/home/simulations/ros2_sims_ws/install/examples_rclrs_minimal_pub_sub:/home/simulations/ros2_sims_ws/install/examples_rclrs_message_demo:/home/simulations/ros2_sims_ws/install/rclrs:/home/simulations/ros2_sims_ws/install/rosidl_runtime_rs:/opt/ros/humble _=/usr/bin/env /usr/bin/cmake --install /home/user/ros2_ws/build/yaren_description
