-- Install configuration: ""
-- Execute custom install script
-- Up-to-date symlink: /home/user/ros2_ws/install/yaren_description/share/yaren_description//config/joint_names_yaren_description.yaml
-- Up-to-date symlink: /home/user/ros2_ws/install/yaren_description/share/yaren_description//config/joint_trajectory_controller.yaml
-- Up-to-date symlink: /home/user/ros2_ws/install/yaren_description/share/yaren_description//launch/bringup.launch.py
-- Up-to-date symlink: /home/user/ros2_ws/install/yaren_description/share/yaren_description//launch/empty_world.launch.py
-- Up-to-date symlink: /home/user/ros2_ws/install/yaren_description/share/yaren_description//launch/robot_state_publisher.launch.py
-- Up-to-date symlink: /home/user/ros2_ws/install/yaren_description/share/yaren_description//launch/spawn_yaren.launch.py
-- Up-to-date symlink: /home/user/ros2_ws/install/yaren_description/share/yaren_description//launch/yaren_description.launch.py
-- Up-to-date symlink: /home/user/ros2_ws/install/yaren_description/share/yaren_description//launch/yaren_gazebo.launch.py
-- Up-to-date symlink: /home/user/ros2_ws/install/yaren_description/share/yaren_description//meshes/Link_1.STL
-- Up-to-date symlink: /home/user/ros2_ws/install/yaren_description/share/yaren_description//meshes/Link_10.STL
-- Up-to-date symlink: /home/user/ros2_ws/install/yaren_description/share/yaren_description//meshes/Link_11.STL
-- Up-to-date symlink: /home/user/ros2_ws/install/yaren_description/share/yaren_description//meshes/Link_12.STL
-- Up-to-date symlink: /home/user/ros2_ws/install/yaren_description/share/yaren_description//meshes/Link_2.STL
-- Up-to-date symlink: /home/user/ros2_ws/install/yaren_description/share/yaren_description//meshes/Link_3.STL
-- Up-to-date symlink: /home/user/ros2_ws/install/yaren_description/share/yaren_description//meshes/Link_4.STL
-- Up-to-date symlink: /home/user/ros2_ws/install/yaren_description/share/yaren_description//meshes/Link_5.STL
-- Up-to-date symlink: /home/user/ros2_ws/install/yaren_description/share/yaren_description//meshes/Link_6.STL
-- Up-to-date symlink: /home/user/ros2_ws/install/yaren_description/share/yaren_description//meshes/Link_7.STL
-- Up-to-date symlink: /home/user/ros2_ws/install/yaren_description/share/yaren_description//meshes/Link_8.STL
-- Up-to-date symlink: /home/user/ros2_ws/install/yaren_description/share/yaren_description//meshes/Link_9.STL
-- Up-to-date symlink: /home/user/ros2_ws/install/yaren_description/share/yaren_description//meshes/base_link.STL
-- Up-to-date symlink: /home/user/ros2_ws/install/yaren_description/share/yaren_description//urdf/yaren.urdf.xacro
-- Up-to-date symlink: /home/user/ros2_ws/install/yaren_description/share/yaren_description//urdf/yaren_description.urdf.xacro
-- Up-to-date symlink: /home/user/ros2_ws/install/yaren_description/share/yaren_description//urdf/yaren_gazebo.xacro
-- Up-to-date symlink: /home/user/ros2_ws/install/yaren_description/share/yaren_description//rviz/yaren.rviz
-- Up-to-date symlink: /home/user/ros2_ws/install/yaren_description/share/yaren_description//world/empty_world.world
-- Up-to-date symlink: /home/user/ros2_ws/install/yaren_description/share/ament_index/resource_index/package_run_dependencies/yaren_description
-- Up-to-date symlink: /home/user/ros2_ws/install/yaren_description/share/ament_index/resource_index/parent_prefix_path/yaren_description
-- Up-to-date symlink: /home/user/ros2_ws/install/yaren_description/share/yaren_description/environment/ament_prefix_path.sh
-- Up-to-date symlink: /home/user/ros2_ws/install/yaren_description/share/yaren_description/environment/ament_prefix_path.dsv
-- Up-to-date symlink: /home/user/ros2_ws/install/yaren_description/share/yaren_description/environment/path.sh
-- Up-to-date symlink: /home/user/ros2_ws/install/yaren_description/share/yaren_description/environment/path.dsv
-- Up-to-date symlink: /home/user/ros2_ws/install/yaren_description/share/yaren_description/local_setup.bash
-- Up-to-date symlink: /home/user/ros2_ws/install/yaren_description/share/yaren_description/local_setup.sh
-- Up-to-date symlink: /home/user/ros2_ws/install/yaren_description/share/yaren_description/local_setup.zsh
-- Up-to-date symlink: /home/user/ros2_ws/install/yaren_description/share/yaren_description/local_setup.dsv
-- Symlinking: /home/user/ros2_ws/install/yaren_description/share/yaren_description/package.dsv
-- Up-to-date symlink: /home/user/ros2_ws/install/yaren_description/share/ament_index/resource_index/packages/yaren_description
-- Up-to-date symlink: /home/user/ros2_ws/install/yaren_description/share/yaren_description/cmake/yaren_descriptionConfig.cmake
-- Up-to-date symlink: /home/user/ros2_ws/install/yaren_description/share/yaren_description/cmake/yaren_descriptionConfig-version.cmake
-- Up-to-date symlink: /home/user/ros2_ws/install/yaren_description/share/yaren_description/package.xml
