-- The C compiler identification is GNU 11.4.0
-- The CXX compiler identification is GNU 11.4.0
-- Detecting C compiler ABI info
-- Detecting C compiler ABI info - done
-- Check for working C compiler: /usr/bin/cc - skipped
-- Detecting C compile features
-- Detecting C compile features - done
-- Detecting CXX compiler ABI info
-- Detecting CXX compiler ABI info - done
-- Check for working CXX compiler: /usr/bin/c++ - skipped
-- Detecting CXX compile features
-- Detecting CXX compile features - done
-- Found ament_cmake: 1.3.8 (/opt/ros/humble/share/ament_cmake/cmake)
-- Found Python3: /usr/bin/python3 (found version "3.10.12") found components: Interpreter 
-- Found xacro: 2.0.8 (/opt/ros/humble/share/xacro/cmake)
-- Found geometry_msgs: 4.2.3 (/home/simulations/ros2_sims_ws/install/geometry_msgs/share/geometry_msgs/cmake)
-- Found rosidl_generator_c: 3.1.5 (/opt/ros/humble/share/rosidl_generator_c/cmake)
-- Found rosidl_adapter: 3.1.5 (/opt/ros/humble/share/rosidl_adapter/cmake)
-- Found rosidl_generator_cpp: 3.1.5 (/opt/ros/humble/share/rosidl_generator_cpp/cmake)
-- Using all available rosidl_typesupport_c: rosidl_typesupport_fastrtps_c;rosidl_typesupport_introspection_c
-- Using all available rosidl_typesupport_cpp: rosidl_typesupport_fastrtps_cpp;rosidl_typesupport_introspection_cpp
-- Found rosidl_default_generators: 1.2.0 (/home/simulations/ros2_sims_ws/install/rosidl_default_generators/share/rosidl_default_generators/cmake)
-- Configuring done
-- Generating done
-- Build files have been written to: /home/user/ros2_ws/build/yaren_description
-- Install configuration: ""
-- Installing: /home/user/ros2_ws/install/yaren_description/share/yaren_description//config
-- Installing: /home/user/ros2_ws/install/yaren_description/share/yaren_description//config/joint_names_yaren_description.yaml
-- Installing: /home/user/ros2_ws/install/yaren_description/share/yaren_description//config/joint_trajectory_controller.yaml
-- Installing: /home/user/ros2_ws/install/yaren_description/share/yaren_description//launch
-- Installing: /home/user/ros2_ws/install/yaren_description/share/yaren_description//launch/empty_world.launch.py
-- Installing: /home/user/ros2_ws/install/yaren_description/share/yaren_description//launch/bringup.launch.py
-- Installing: /home/user/ros2_ws/install/yaren_description/share/yaren_description//launch/yaren_description.launch.py
-- Installing: /home/user/ros2_ws/install/yaren_description/share/yaren_description//launch/robot_state_publisher.launch.py
-- Installing: /home/user/ros2_ws/install/yaren_description/share/yaren_description//launch/spawn_yaren.launch.py
-- Installing: /home/user/ros2_ws/install/yaren_description/share/yaren_description//launch/yaren_gazebo.launch.py
-- Installing: /home/user/ros2_ws/install/yaren_description/share/yaren_description//meshes
-- Installing: /home/user/ros2_ws/install/yaren_description/share/yaren_description//meshes/Link_8.STL
-- Installing: /home/user/ros2_ws/install/yaren_description/share/yaren_description//meshes/Link_5.STL
-- Installing: /home/user/ros2_ws/install/yaren_description/share/yaren_description//meshes/Link_4.STL
-- Installing: /home/user/ros2_ws/install/yaren_description/share/yaren_description//meshes/base_link.STL
-- Installing: /home/user/ros2_ws/install/yaren_description/share/yaren_description//meshes/Link_12.STL
-- Installing: /home/user/ros2_ws/install/yaren_description/share/yaren_description//meshes/Link_2.STL
-- Installing: /home/user/ros2_ws/install/yaren_description/share/yaren_description//meshes/Link_9.STL
-- Installing: /home/user/ros2_ws/install/yaren_description/share/yaren_description//meshes/Link_6.STL
-- Installing: /home/user/ros2_ws/install/yaren_description/share/yaren_description//meshes/Link_3.STL
-- Installing: /home/user/ros2_ws/install/yaren_description/share/yaren_description//meshes/Link_11.STL
-- Installing: /home/user/ros2_ws/install/yaren_description/share/yaren_description//meshes/Link_10.STL
-- Installing: /home/user/ros2_ws/install/yaren_description/share/yaren_description//meshes/Link_1.STL
-- Installing: /home/user/ros2_ws/install/yaren_description/share/yaren_description//meshes/Link_7.STL
-- Installing: /home/user/ros2_ws/install/yaren_description/share/yaren_description//urdf
-- Installing: /home/user/ros2_ws/install/yaren_description/share/yaren_description//urdf/yaren_gazebo.xacro
-- Installing: /home/user/ros2_ws/install/yaren_description/share/yaren_description//urdf/yaren_description.urdf.xacro
-- Installing: /home/user/ros2_ws/install/yaren_description/share/yaren_description//urdf/yaren.urdf.xacro
-- Installing: /home/user/ros2_ws/install/yaren_description/share/yaren_description//rviz
-- Installing: /home/user/ros2_ws/install/yaren_description/share/yaren_description//rviz/yaren.rviz
-- Installing: /home/user/ros2_ws/install/yaren_description/share/yaren_description//world
-- Installing: /home/user/ros2_ws/install/yaren_description/share/yaren_description//world/empty_world.world
-- Installing: /home/user/ros2_ws/install/yaren_description/share/ament_index/resource_index/package_run_dependencies/yaren_description
-- Installing: /home/user/ros2_ws/install/yaren_description/share/ament_index/resource_index/parent_prefix_path/yaren_description
-- Installing: /home/user/ros2_ws/install/yaren_description/share/yaren_description/environment/ament_prefix_path.sh
-- Installing: /home/user/ros2_ws/install/yaren_description/share/yaren_description/environment/ament_prefix_path.dsv
-- Installing: /home/user/ros2_ws/install/yaren_description/share/yaren_description/environment/path.sh
-- Installing: /home/user/ros2_ws/install/yaren_description/share/yaren_description/environment/path.dsv
-- Installing: /home/user/ros2_ws/install/yaren_description/share/yaren_description/local_setup.bash
-- Installing: /home/user/ros2_ws/install/yaren_description/share/yaren_description/local_setup.sh
-- Installing: /home/user/ros2_ws/install/yaren_description/share/yaren_description/local_setup.zsh
-- Installing: /home/user/ros2_ws/install/yaren_description/share/yaren_description/local_setup.dsv
-- Installing: /home/user/ros2_ws/install/yaren_description/share/yaren_description/package.dsv
-- Installing: /home/user/ros2_ws/install/yaren_description/share/ament_index/resource_index/packages/yaren_description
-- Installing: /home/user/ros2_ws/install/yaren_description/share/yaren_description/cmake/yaren_descriptionConfig.cmake
-- Installing: /home/user/ros2_ws/install/yaren_description/share/yaren_description/cmake/yaren_descriptionConfig-version.cmake
-- Installing: /home/user/ros2_ws/install/yaren_description/share/yaren_description/package.xml
