[0.021s] Invoking command in '/home/user/ros2_ws/build/yaren_description': CMAKE_PREFIX_PATH=${CMAKE_PREFIX_PATH}:/home/simulations/ros2_sims_ws/install/rclrs_tests:/home/simulations/ros2_sims_ws/install/examples_rclrs_minimal_client_service:/home/simulations/ros2_sims_ws/install/sensor_msgs_py:/home/simulations/ros2_sims_ws/install/examples_rclrs_minimal_pub_sub:/home/simulations/ros2_sims_ws/install/examples_rclrs_message_demo:/home/simulations/ros2_sims_ws/install/rclrs:/home/simulations/ros2_sims_ws/install/rosidl_runtime_rs:/opt/ros/humble _=/usr/bin/env /usr/bin/cmake /home/user/ros2_ws/src/YAREN-main/yaren_description -DCMAKE_INSTALL_PREFIX=/home/user/ros2_ws/install/yaren_description
[0.091s] -- The C compiler identification is GNU 11.4.0
[0.152s] -- The CXX compiler identification is GNU 11.4.0
[0.160s] -- Detecting C compiler ABI info
[0.251s] -- Detecting C compiler ABI info - done
[0.260s] -- Check for working C compiler: /usr/bin/cc - skipped
[0.260s] -- Detecting C compile features
[0.261s] -- Detecting C compile features - done
[0.265s] -- Detecting CXX compiler ABI info
[0.366s] -- Detecting CXX compiler ABI info - done
[0.375s] -- Check for working CXX compiler: /usr/bin/c++ - skipped
[0.376s] -- Detecting CXX compile features
[0.376s] -- Detecting CXX compile features - done
[0.388s] -- Found ament_cmake: 1.3.8 (/opt/ros/humble/share/ament_cmake/cmake)
[0.619s] -- Found Python3: /usr/bin/python3 (found version "3.10.12") found components: Interpreter 
[0.872s] -- Found xacro: 2.0.8 (/opt/ros/humble/share/xacro/cmake)
[0.875s] -- Found geometry_msgs: 4.2.3 (/home/simulations/ros2_sims_ws/install/geometry_msgs/share/geometry_msgs/cmake)
[0.998s] -- Found rosidl_generator_c: 3.1.5 (/opt/ros/humble/share/rosidl_generator_c/cmake)
[1.021s] -- Found rosidl_adapter: 3.1.5 (/opt/ros/humble/share/rosidl_adapter/cmake)
[1.049s] -- Found rosidl_generator_cpp: 3.1.5 (/opt/ros/humble/share/rosidl_generator_cpp/cmake)
[1.085s] -- Using all available rosidl_typesupport_c: rosidl_typesupport_fastrtps_c;rosidl_typesupport_introspection_c
[1.138s] -- Using all available rosidl_typesupport_cpp: rosidl_typesupport_fastrtps_cpp;rosidl_typesupport_introspection_cpp
[1.306s] -- Found rosidl_default_generators: 1.2.0 (/home/simulations/ros2_sims_ws/install/rosidl_default_generators/share/rosidl_default_generators/cmake)
[1.413s] -- Configuring done
[1.418s] -- Generating done
[1.419s] -- Build files have been written to: /home/user/ros2_ws/build/yaren_description
[1.426s] Invoked command in '/home/user/ros2_ws/build/yaren_description' returned '0': CMAKE_PREFIX_PATH=${CMAKE_PREFIX_PATH}:/home/simulations/ros2_sims_ws/install/rclrs_tests:/home/simulations/ros2_sims_ws/install/examples_rclrs_minimal_client_service:/home/simulations/ros2_sims_ws/install/sensor_msgs_py:/home/simulations/ros2_sims_ws/install/examples_rclrs_minimal_pub_sub:/home/simulations/ros2_sims_ws/install/examples_rclrs_message_demo:/home/simulations/ros2_sims_ws/install/rclrs:/home/simulations/ros2_sims_ws/install/rosidl_runtime_rs:/opt/ros/humble _=/usr/bin/env /usr/bin/cmake /home/user/ros2_ws/src/YAREN-main/yaren_description -DCMAKE_INSTALL_PREFIX=/home/user/ros2_ws/install/yaren_description
[1.428s] Invoking command in '/home/user/ros2_ws/build/yaren_description': CMAKE_PREFIX_PATH=${CMAKE_PREFIX_PATH}:/home/simulations/ros2_sims_ws/install/rclrs_tests:/home/simulations/ros2_sims_ws/install/examples_rclrs_minimal_client_service:/home/simulations/ros2_sims_ws/install/sensor_msgs_py:/home/simulations/ros2_sims_ws/install/examples_rclrs_minimal_pub_sub:/home/simulations/ros2_sims_ws/install/examples_rclrs_message_demo:/home/simulations/ros2_sims_ws/install/rclrs:/home/simulations/ros2_sims_ws/install/rosidl_runtime_rs:/opt/ros/humble _=/usr/bin/env /usr/bin/cmake --build /home/user/ros2_ws/build/yaren_description -- -j8 -l8
[1.481s] Invoked command in '/home/user/ros2_ws/build/yaren_description' returned '0': CMAKE_PREFIX_PATH=${CMAKE_PREFIX_PATH}:/home/simulations/ros2_sims_ws/install/rclrs_tests:/home/simulations/ros2_sims_ws/install/examples_rclrs_minimal_client_service:/home/simulations/ros2_sims_ws/install/sensor_msgs_py:/home/simulations/ros2_sims_ws/install/examples_rclrs_minimal_pub_sub:/home/simulations/ros2_sims_ws/install/examples_rclrs_message_demo:/home/simulations/ros2_sims_ws/install/rclrs:/home/simulations/ros2_sims_ws/install/rosidl_runtime_rs:/opt/ros/humble _=/usr/bin/env /usr/bin/cmake --build /home/user/ros2_ws/build/yaren_description -- -j8 -l8
[1.536s] Invoking command in '/home/user/ros2_ws/build/yaren_description': CMAKE_PREFIX_PATH=${CMAKE_PREFIX_PATH}:/home/simulations/ros2_sims_ws/install/rclrs_tests:/home/simulations/ros2_sims_ws/install/examples_rclrs_minimal_client_service:/home/simulations/ros2_sims_ws/install/sensor_msgs_py:/home/simulations/ros2_sims_ws/install/examples_rclrs_minimal_pub_sub:/home/simulations/ros2_sims_ws/install/examples_rclrs_message_demo:/home/simulations/ros2_sims_ws/install/rclrs:/home/simulations/ros2_sims_ws/install/rosidl_runtime_rs:/opt/ros/humble _=/usr/bin/env /usr/bin/cmake --install /home/user/ros2_ws/build/yaren_description
[1.545s] -- Install configuration: ""
[1.545s] -- Installing: /home/user/ros2_ws/install/yaren_description/share/yaren_description//config
[1.545s] -- Installing: /home/user/ros2_ws/install/yaren_description/share/yaren_description//config/joint_names_yaren_description.yaml
[1.546s] -- Installing: /home/user/ros2_ws/install/yaren_description/share/yaren_description//config/joint_trajectory_controller.yaml
[1.546s] -- Installing: /home/user/ros2_ws/install/yaren_description/share/yaren_description//launch
[1.546s] -- Installing: /home/user/ros2_ws/install/yaren_description/share/yaren_description//launch/empty_world.launch.py
[1.546s] -- Installing: /home/user/ros2_ws/install/yaren_description/share/yaren_description//launch/bringup.launch.py
[1.546s] -- Installing: /home/user/ros2_ws/install/yaren_description/share/yaren_description//launch/yaren_description.launch.py
[1.546s] -- Installing: /home/user/ros2_ws/install/yaren_description/share/yaren_description//launch/robot_state_publisher.launch.py
[1.546s] -- Installing: /home/user/ros2_ws/install/yaren_description/share/yaren_description//launch/spawn_yaren.launch.py
[1.546s] -- Installing: /home/user/ros2_ws/install/yaren_description/share/yaren_description//launch/yaren_gazebo.launch.py
[1.547s] -- Installing: /home/user/ros2_ws/install/yaren_description/share/yaren_description//meshes
[1.547s] -- Installing: /home/user/ros2_ws/install/yaren_description/share/yaren_description//meshes/Link_8.STL
[1.560s] -- Installing: /home/user/ros2_ws/install/yaren_description/share/yaren_description//meshes/Link_5.STL
[1.561s] -- Installing: /home/user/ros2_ws/install/yaren_description/share/yaren_description//meshes/Link_4.STL
[1.561s] -- Installing: /home/user/ros2_ws/install/yaren_description/share/yaren_description//meshes/base_link.STL
[1.562s] -- Installing: /home/user/ros2_ws/install/yaren_description/share/yaren_description//meshes/Link_12.STL
[1.576s] -- Installing: /home/user/ros2_ws/install/yaren_description/share/yaren_description//meshes/Link_2.STL
[1.583s] -- Installing: /home/user/ros2_ws/install/yaren_description/share/yaren_description//meshes/Link_9.STL
[1.584s] -- Installing: /home/user/ros2_ws/install/yaren_description/share/yaren_description//meshes/Link_6.STL
[1.587s] -- Installing: /home/user/ros2_ws/install/yaren_description/share/yaren_description//meshes/Link_3.STL
[1.591s] -- Installing: /home/user/ros2_ws/install/yaren_description/share/yaren_description//meshes/Link_11.STL
[1.595s] -- Installing: /home/user/ros2_ws/install/yaren_description/share/yaren_description//meshes/Link_10.STL
[1.598s] -- Installing: /home/user/ros2_ws/install/yaren_description/share/yaren_description//meshes/Link_1.STL
[1.599s] -- Installing: /home/user/ros2_ws/install/yaren_description/share/yaren_description//meshes/Link_7.STL
[1.602s] -- Installing: /home/user/ros2_ws/install/yaren_description/share/yaren_description//urdf
[1.602s] -- Installing: /home/user/ros2_ws/install/yaren_description/share/yaren_description//urdf/yaren_gazebo.xacro
[1.603s] -- Installing: /home/user/ros2_ws/install/yaren_description/share/yaren_description//urdf/yaren_description.urdf.xacro
[1.604s] -- Installing: /home/user/ros2_ws/install/yaren_description/share/yaren_description//urdf/yaren.urdf.xacro
[1.604s] -- Installing: /home/user/ros2_ws/install/yaren_description/share/yaren_description//rviz
[1.604s] -- Installing: /home/user/ros2_ws/install/yaren_description/share/yaren_description//rviz/yaren.rviz
[1.604s] -- Installing: /home/user/ros2_ws/install/yaren_description/share/yaren_description//world
[1.604s] -- Installing: /home/user/ros2_ws/install/yaren_description/share/yaren_description//world/empty_world.world
[1.604s] -- Installing: /home/user/ros2_ws/install/yaren_description/share/ament_index/resource_index/package_run_dependencies/yaren_description
[1.604s] -- Installing: /home/user/ros2_ws/install/yaren_description/share/ament_index/resource_index/parent_prefix_path/yaren_description
[1.604s] -- Installing: /home/user/ros2_ws/install/yaren_description/share/yaren_description/environment/ament_prefix_path.sh
[1.605s] -- Installing: /home/user/ros2_ws/install/yaren_description/share/yaren_description/environment/ament_prefix_path.dsv
[1.605s] -- Installing: /home/user/ros2_ws/install/yaren_description/share/yaren_description/environment/path.sh
[1.605s] -- Installing: /home/user/ros2_ws/install/yaren_description/share/yaren_description/environment/path.dsv
[1.605s] -- Installing: /home/user/ros2_ws/install/yaren_description/share/yaren_description/local_setup.bash
[1.605s] -- Installing: /home/user/ros2_ws/install/yaren_description/share/yaren_description/local_setup.sh
[1.605s] -- Installing: /home/user/ros2_ws/install/yaren_description/share/yaren_description/local_setup.zsh
[1.606s] -- Installing: /home/user/ros2_ws/install/yaren_description/share/yaren_description/local_setup.dsv
[1.606s] -- Installing: /home/user/ros2_ws/install/yaren_description/share/yaren_description/package.dsv
[1.606s] -- Installing: /home/user/ros2_ws/install/yaren_description/share/ament_index/resource_index/packages/yaren_description
[1.606s] -- Installing: /home/user/ros2_ws/install/yaren_description/share/yaren_description/cmake/yaren_descriptionConfig.cmake
[1.606s] -- Installing: /home/user/ros2_ws/install/yaren_description/share/yaren_description/cmake/yaren_descriptionConfig-version.cmake
[1.606s] -- Installing: /home/user/ros2_ws/install/yaren_description/share/yaren_description/package.xml
[1.609s] Invoked command in '/home/user/ros2_ws/build/yaren_description' returned '0': CMAKE_PREFIX_PATH=${CMAKE_PREFIX_PATH}:/home/simulations/ros2_sims_ws/install/rclrs_tests:/home/simulations/ros2_sims_ws/install/examples_rclrs_minimal_client_service:/home/simulations/ros2_sims_ws/install/sensor_msgs_py:/home/simulations/ros2_sims_ws/install/examples_rclrs_minimal_pub_sub:/home/simulations/ros2_sims_ws/install/examples_rclrs_message_demo:/home/simulations/ros2_sims_ws/install/rclrs:/home/simulations/ros2_sims_ws/install/rosidl_runtime_rs:/opt/ros/humble _=/usr/bin/env /usr/bin/cmake --install /home/user/ros2_ws/build/yaren_description
