[0.032s] Invoking command in '/home/user/ros2_ws/build/yaren_description': CMAKE_PREFIX_PATH=${CMAKE_PREFIX_PATH}:/home/simulations/ros2_sims_ws/install/rclrs_tests:/home/simulations/ros2_sims_ws/install/examples_rclrs_minimal_client_service:/home/simulations/ros2_sims_ws/install/sensor_msgs_py:/home/simulations/ros2_sims_ws/install/examples_rclrs_minimal_pub_sub:/home/simulations/ros2_sims_ws/install/examples_rclrs_message_demo:/home/simulations/ros2_sims_ws/install/rclrs:/home/simulations/ros2_sims_ws/install/rosidl_runtime_rs:/opt/ros/humble _=/usr/bin/env /usr/bin/cmake /home/user/ros2_ws/src/YAREN-main/yaren_description -DAMENT_CMAKE_SYMLINK_INSTALL=1 -DCMAKE_INSTALL_PREFIX=/home/user/ros2_ws/install/yaren_description
[0.062s] -- Found ament_cmake: 1.3.8 (/opt/ros/humble/share/ament_cmake/cmake)
[0.334s] -- Override CMake install command with custom implementation using symlinks instead of copying resources
[0.355s] -- Found xacro: 2.0.8 (/opt/ros/humble/share/xacro/cmake)
[0.359s] -- Found geometry_msgs: 4.2.3 (/home/simulations/ros2_sims_ws/install/geometry_msgs/share/geometry_msgs/cmake)
[0.409s] -- Found rosidl_generator_c: 3.1.5 (/opt/ros/humble/share/rosidl_generator_c/cmake)
[0.413s] -- Found rosidl_adapter: 3.1.5 (/opt/ros/humble/share/rosidl_adapter/cmake)
[0.424s] -- Found rosidl_generator_cpp: 3.1.5 (/opt/ros/humble/share/rosidl_generator_cpp/cmake)
[0.447s] -- Using all available rosidl_typesupport_c: rosidl_typesupport_fastrtps_c;rosidl_typesupport_introspection_c
[0.474s] -- Using all available rosidl_typesupport_cpp: rosidl_typesupport_fastrtps_cpp;rosidl_typesupport_introspection_cpp
[0.683s] -- Found rosidl_default_generators: 1.2.0 (/home/simulations/ros2_sims_ws/install/rosidl_default_generators/share/rosidl_default_generators/cmake)
[0.839s] -- Configuring done
[0.849s] -- Generating done
[0.851s] -- Build files have been written to: /home/user/ros2_ws/build/yaren_description
[0.859s] Invoked command in '/home/user/ros2_ws/build/yaren_description' returned '0': CMAKE_PREFIX_PATH=${CMAKE_PREFIX_PATH}:/home/simulations/ros2_sims_ws/install/rclrs_tests:/home/simulations/ros2_sims_ws/install/examples_rclrs_minimal_client_service:/home/simulations/ros2_sims_ws/install/sensor_msgs_py:/home/simulations/ros2_sims_ws/install/examples_rclrs_minimal_pub_sub:/home/simulations/ros2_sims_ws/install/examples_rclrs_message_demo:/home/simulations/ros2_sims_ws/install/rclrs:/home/simulations/ros2_sims_ws/install/rosidl_runtime_rs:/opt/ros/humble _=/usr/bin/env /usr/bin/cmake /home/user/ros2_ws/src/YAREN-main/yaren_description -DAMENT_CMAKE_SYMLINK_INSTALL=1 -DCMAKE_INSTALL_PREFIX=/home/user/ros2_ws/install/yaren_description
[0.861s] Invoking command in '/home/user/ros2_ws/build/yaren_description': CMAKE_PREFIX_PATH=${CMAKE_PREFIX_PATH}:/home/simulations/ros2_sims_ws/install/rclrs_tests:/home/simulations/ros2_sims_ws/install/examples_rclrs_minimal_client_service:/home/simulations/ros2_sims_ws/install/sensor_msgs_py:/home/simulations/ros2_sims_ws/install/examples_rclrs_minimal_pub_sub:/home/simulations/ros2_sims_ws/install/examples_rclrs_message_demo:/home/simulations/ros2_sims_ws/install/rclrs:/home/simulations/ros2_sims_ws/install/rosidl_runtime_rs:/opt/ros/humble _=/usr/bin/env /usr/bin/cmake --build /home/user/ros2_ws/build/yaren_description -- -j8 -l8
[0.949s] Invoked command in '/home/user/ros2_ws/build/yaren_description' returned '0': CMAKE_PREFIX_PATH=${CMAKE_PREFIX_PATH}:/home/simulations/ros2_sims_ws/install/rclrs_tests:/home/simulations/ros2_sims_ws/install/examples_rclrs_minimal_client_service:/home/simulations/ros2_sims_ws/install/sensor_msgs_py:/home/simulations/ros2_sims_ws/install/examples_rclrs_minimal_pub_sub:/home/simulations/ros2_sims_ws/install/examples_rclrs_message_demo:/home/simulations/ros2_sims_ws/install/rclrs:/home/simulations/ros2_sims_ws/install/rosidl_runtime_rs:/opt/ros/humble _=/usr/bin/env /usr/bin/cmake --build /home/user/ros2_ws/build/yaren_description -- -j8 -l8
[1.044s] Invoking command in '/home/user/ros2_ws/build/yaren_description': CMAKE_PREFIX_PATH=${CMAKE_PREFIX_PATH}:/home/simulations/ros2_sims_ws/install/rclrs_tests:/home/simulations/ros2_sims_ws/install/examples_rclrs_minimal_client_service:/home/simulations/ros2_sims_ws/install/sensor_msgs_py:/home/simulations/ros2_sims_ws/install/examples_rclrs_minimal_pub_sub:/home/simulations/ros2_sims_ws/install/examples_rclrs_message_demo:/home/simulations/ros2_sims_ws/install/rclrs:/home/simulations/ros2_sims_ws/install/rosidl_runtime_rs:/opt/ros/humble _=/usr/bin/env /usr/bin/cmake --install /home/user/ros2_ws/build/yaren_description
[1.058s] -- Install configuration: ""
[1.059s] -- Execute custom install script
[1.059s] -- Symlinking: /home/user/ros2_ws/install/yaren_description/share/yaren_description//config/joint_names_yaren_description.yaml
[1.077s] -- Symlinking: /home/user/ros2_ws/install/yaren_description/share/yaren_description//config/joint_trajectory_controller.yaml
[1.094s] -- Symlinking: /home/user/ros2_ws/install/yaren_description/share/yaren_description//launch/bringup.launch.py
[1.108s] -- Symlinking: /home/user/ros2_ws/install/yaren_description/share/yaren_description//launch/empty_world.launch.py
[1.128s] -- Symlinking: /home/user/ros2_ws/install/yaren_description/share/yaren_description//launch/robot_state_publisher.launch.py
[1.144s] -- Symlinking: /home/user/ros2_ws/install/yaren_description/share/yaren_description//launch/spawn_yaren.launch.py
[1.158s] -- Symlinking: /home/user/ros2_ws/install/yaren_description/share/yaren_description//launch/yaren_description.launch.py
[1.174s] -- Symlinking: /home/user/ros2_ws/install/yaren_description/share/yaren_description//launch/yaren_gazebo.launch.py
[1.192s] -- Symlinking: /home/user/ros2_ws/install/yaren_description/share/yaren_description//meshes/Link_1.STL
[1.218s] -- Symlinking: /home/user/ros2_ws/install/yaren_description/share/yaren_description//meshes/Link_10.STL
[1.234s] -- Symlinking: /home/user/ros2_ws/install/yaren_description/share/yaren_description//meshes/Link_11.STL
[1.251s] -- Symlinking: /home/user/ros2_ws/install/yaren_description/share/yaren_description//meshes/Link_12.STL
[1.270s] -- Symlinking: /home/user/ros2_ws/install/yaren_description/share/yaren_description//meshes/Link_2.STL
[1.292s] -- Symlinking: /home/user/ros2_ws/install/yaren_description/share/yaren_description//meshes/Link_3.STL
[1.309s] -- Symlinking: /home/user/ros2_ws/install/yaren_description/share/yaren_description//meshes/Link_4.STL
[1.327s] -- Symlinking: /home/user/ros2_ws/install/yaren_description/share/yaren_description//meshes/Link_5.STL
[1.344s] -- Symlinking: /home/user/ros2_ws/install/yaren_description/share/yaren_description//meshes/Link_6.STL
[1.363s] -- Symlinking: /home/user/ros2_ws/install/yaren_description/share/yaren_description//meshes/Link_7.STL
[1.378s] -- Symlinking: /home/user/ros2_ws/install/yaren_description/share/yaren_description//meshes/Link_8.STL
[1.397s] -- Symlinking: /home/user/ros2_ws/install/yaren_description/share/yaren_description//meshes/Link_9.STL
[1.419s] -- Symlinking: /home/user/ros2_ws/install/yaren_description/share/yaren_description//meshes/base_link.STL
[1.447s] -- Symlinking: /home/user/ros2_ws/install/yaren_description/share/yaren_description//urdf/yaren.urdf.xacro
[1.454s] -- Symlinking: /home/user/ros2_ws/install/yaren_description/share/yaren_description//urdf/yaren_description.urdf.xacro
[1.468s] -- Symlinking: /home/user/ros2_ws/install/yaren_description/share/yaren_description//urdf/yaren_gazebo.xacro
[1.486s] -- Symlinking: /home/user/ros2_ws/install/yaren_description/share/yaren_description//rviz/yaren.rviz
[1.503s] -- Symlinking: /home/user/ros2_ws/install/yaren_description/share/yaren_description//world/empty_world.world
[1.516s] -- Symlinking: /home/user/ros2_ws/install/yaren_description/share/ament_index/resource_index/package_run_dependencies/yaren_description
[1.533s] -- Symlinking: /home/user/ros2_ws/install/yaren_description/share/ament_index/resource_index/parent_prefix_path/yaren_description
[1.548s] -- Symlinking: /home/user/ros2_ws/install/yaren_description/share/yaren_description/environment/ament_prefix_path.sh
[1.567s] -- Symlinking: /home/user/ros2_ws/install/yaren_description/share/yaren_description/environment/ament_prefix_path.dsv
[1.585s] -- Symlinking: /home/user/ros2_ws/install/yaren_description/share/yaren_description/environment/path.sh
[1.604s] -- Symlinking: /home/user/ros2_ws/install/yaren_description/share/yaren_description/environment/path.dsv
[1.620s] -- Symlinking: /home/user/ros2_ws/install/yaren_description/share/yaren_description/local_setup.bash
[1.637s] -- Symlinking: /home/user/ros2_ws/install/yaren_description/share/yaren_description/local_setup.sh
[1.654s] -- Symlinking: /home/user/ros2_ws/install/yaren_description/share/yaren_description/local_setup.zsh
[1.669s] -- Symlinking: /home/user/ros2_ws/install/yaren_description/share/yaren_description/local_setup.dsv
[1.685s] -- Symlinking: /home/user/ros2_ws/install/yaren_description/share/yaren_description/package.dsv
[1.704s] -- Symlinking: /home/user/ros2_ws/install/yaren_description/share/ament_index/resource_index/packages/yaren_description
[1.724s] -- Symlinking: /home/user/ros2_ws/install/yaren_description/share/yaren_description/cmake/yaren_descriptionConfig.cmake
[1.742s] -- Symlinking: /home/user/ros2_ws/install/yaren_description/share/yaren_description/cmake/yaren_descriptionConfig-version.cmake
[1.757s] -- Symlinking: /home/user/ros2_ws/install/yaren_description/share/yaren_description/package.xml
[1.782s] Invoked command in '/home/user/ros2_ws/build/yaren_description' returned '0': CMAKE_PREFIX_PATH=${CMAKE_PREFIX_PATH}:/home/simulations/ros2_sims_ws/install/rclrs_tests:/home/simulations/ros2_sims_ws/install/examples_rclrs_minimal_client_service:/home/simulations/ros2_sims_ws/install/sensor_msgs_py:/home/simulations/ros2_sims_ws/install/examples_rclrs_minimal_pub_sub:/home/simulations/ros2_sims_ws/install/examples_rclrs_message_demo:/home/simulations/ros2_sims_ws/install/rclrs:/home/simulations/ros2_sims_ws/install/rosidl_runtime_rs:/opt/ros/humble _=/usr/bin/env /usr/bin/cmake --install /home/user/ros2_ws/build/yaren_description
