-- Found ament_cmake: 1.3.8 (/opt/ros/humble/share/ament_cmake/cmake)
-- Found rclcpp: 16.0.8 (/opt/ros/humble/share/rclcpp/cmake)
-- Found rosidl_generator_c: 3.1.5 (/opt/ros/humble/share/rosidl_generator_c/cmake)
-- Found rosidl_adapter: 3.1.5 (/opt/ros/humble/share/rosidl_adapter/cmake)
-- Found rosidl_generator_cpp: 3.1.5 (/opt/ros/humble/share/rosidl_generator_cpp/cmake)
-- Using all available rosidl_typesupport_c: rosidl_typesupport_fastrtps_c;rosidl_typesupport_introspection_c
-- Using all available rosidl_typesupport_cpp: rosidl_typesupport_fastrtps_cpp;rosidl_typesupport_introspection_cpp
-- Found rmw_implementation_cmake: 6.1.1 (/opt/ros/humble/share/rmw_implementation_cmake/cmake)
-- Found rmw_fastrtps_cpp: 6.2.6 (/opt/ros/humble/share/rmw_fastrtps_cpp/cmake)
-- Using RMW implementation 'rmw_fastrtps_cpp' as default
-- Found moveit_ros_planning_interface: 2.5.5 (/opt/ros/humble/share/moveit_ros_planning_interface/cmake)
-- Found Boost: /usr/lib/x86_64-linux-gnu/cmake/Boost-1.74.0/BoostConfig.cmake (found version "1.74.0") found components: date_time filesystem program_options system thread 
-- Found Boost: /usr/lib/x86_64-linux-gnu/cmake/Boost-1.74.0/BoostConfig.cmake (found version "1.74.0") found components: chrono date_time filesystem iostreams program_options regex serialization system thread 
-- Found parameter_traits: 0.3.7 (/opt/ros/humble/share/parameter_traits/cmake)
-- Found rclcpp_lifecycle: 16.0.8 (/opt/ros/humble/share/rclcpp_lifecycle/cmake)
-- Found Boost: /usr/lib/x86_64-linux-gnu/cmake/Boost-1.74.0/BoostConfig.cmake (found version "1.74.0") found components: filesystem 
-- library: /usr/lib/x86_64-linux-gnu/libcurl.so
-- Ensuring Eigen3 include directory is part of orocos-kdl CMake target
-- Found Boost: /usr/lib/x86_64-linux-gnu/cmake/Boost-1.74.0/BoostConfig.cmake (found version "1.74.0") found components: system filesystem date_time program_options thread chrono 
-- Found Boost: /usr/lib/x86_64-linux-gnu/cmake/Boost-1.74.0/BoostConfig.cmake (found version "1.74.0") found components: thread system filesystem regex date_time program_options 
-- Found Boost: /usr/lib/x86_64-linux-gnu/cmake/Boost-1.74.0/BoostConfig.cmake (found version "1.74.0") found components: system filesystem date_time program_options thread 
-- Configuring done
-- Generating done
-- Build files have been written to: /home/user/ros2_ws/build/moveit
[35m[1mConsolidate compiler generated dependencies of target move_yaren[0m
[100%] Built target move_yaren
-- Install configuration: ""
-- Up-to-date: /home/user/ros2_ws/install/moveit/lib/moveit/move_yaren
-- Installing: /home/user/ros2_ws/install/moveit/share/moveit/launch
-- Installing: /home/user/ros2_ws/install/moveit/share/moveit/launch/move_group.launch.py
-- Installing: /home/user/ros2_ws/install/moveit/share/moveit/launch/static_virtual_joint_tfs.launch.py
-- Installing: /home/user/ros2_ws/install/moveit/share/moveit/launch/rsp.launch.py
-- Installing: /home/user/ros2_ws/install/moveit/share/moveit/launch/spawn_controllers.launch.py
-- Installing: /home/user/ros2_ws/install/moveit/share/moveit/launch/moveit_rviz.launch.py
-- Installing: /home/user/ros2_ws/install/moveit/share/moveit/launch/setup_assistant.launch.py
-- Installing: /home/user/ros2_ws/install/moveit/share/moveit/launch/warehouse_db.launch.py
-- Installing: /home/user/ros2_ws/install/moveit/share/moveit/launch/demo.launch.py
-- Up-to-date: /home/user/ros2_ws/install/moveit/share/ament_index/resource_index/package_run_dependencies/moveit
-- Up-to-date: /home/user/ros2_ws/install/moveit/share/ament_index/resource_index/parent_prefix_path/moveit
-- Up-to-date: /home/user/ros2_ws/install/moveit/share/moveit/environment/ament_prefix_path.sh
-- Installing: /home/user/ros2_ws/install/moveit/share/moveit/environment/ament_prefix_path.dsv
-- Up-to-date: /home/user/ros2_ws/install/moveit/share/moveit/environment/path.sh
-- Installing: /home/user/ros2_ws/install/moveit/share/moveit/environment/path.dsv
-- Up-to-date: /home/user/ros2_ws/install/moveit/share/moveit/local_setup.bash
-- Up-to-date: /home/user/ros2_ws/install/moveit/share/moveit/local_setup.sh
-- Up-to-date: /home/user/ros2_ws/install/moveit/share/moveit/local_setup.zsh
-- Installing: /home/user/ros2_ws/install/moveit/share/moveit/local_setup.dsv
-- Installing: /home/user/ros2_ws/install/moveit/share/moveit/package.dsv
-- Up-to-date: /home/user/ros2_ws/install/moveit/share/ament_index/resource_index/packages/moveit
-- Up-to-date: /home/user/ros2_ws/install/moveit/share/moveit/cmake/moveitConfig.cmake
-- Up-to-date: /home/user/ros2_ws/install/moveit/share/moveit/cmake/moveitConfig-version.cmake
-- Up-to-date: /home/user/ros2_ws/install/moveit/share/moveit/package.xml
