[0.024s] Invoking command in '/home/user/ros2_ws/build/moveit': CMAKE_PREFIX_PATH=/home/user/ros2_ws/install/yaren_description:/home/simulations/ros2_sims_ws/install/common_interfaces:/home/simulations/ros2_sims_ws/install/visualization_msgs:/home/simulations/ros2_sims_ws/install/test_msgs:/home/simulations/ros2_sims_ws/install/example_interfaces:/home/simulations/ros2_sims_ws/install/action_msgs:/home/simulations/ros2_sims_ws/install/unique_identifier_msgs:/home/simulations/ros2_sims_ws/install/trajectory_msgs:/home/simulations/ros2_sims_ws/install/test_interface_files:/home/simulations/ros2_sims_ws/install/stereo_msgs:/home/simulations/ros2_sims_ws/install/std_srvs:/home/simulations/ros2_sims_ws/install/shape_msgs:/home/simulations/ros2_sims_ws/install/sensor_msgs:/home/simulations/ros2_sims_ws/install/nav_msgs:/home/simulations/ros2_sims_ws/install/diagnostic_msgs:/home/simulations/ros2_sims_ws/install/geometry_msgs:/home/simulations/ros2_sims_ws/install/actionlib_msgs:/home/simulations/ros2_sims_ws/install/std_msgs:/home/simulations/ros2_sims_ws/install/statistics_msgs:/home/simulations/ros2_sims_ws/install/rosgraph_msgs:/home/simulations/ros2_sims_ws/install/rclrs_example_msgs:/home/simulations/ros2_sims_ws/install/composition_interfaces:/home/simulations/ros2_sims_ws/install/rcl_interfaces:/home/simulations/ros2_sims_ws/install/lifecycle_msgs:/home/simulations/ros2_sims_ws/install/builtin_interfaces:/home/simulations/ros2_sims_ws/install/rosidl_default_runtime:/home/simulations/ros2_sims_ws/install/rosidl_default_generators:/home/simulations/ros2_sims_ws/install/rosidl_generator_rs:/home/user/ros2_ws/install/moveit:/home/simulations/ros2_sims_ws/install/rclrs_tests:/home/simulations/ros2_sims_ws/install/examples_rclrs_minimal_client_service:/home/simulations/ros2_sims_ws/install/sensor_msgs_py:/home/simulations/ros2_sims_ws/install/examples_rclrs_minimal_pub_sub:/home/simulations/ros2_sims_ws/install/examples_rclrs_message_demo:/home/simulations/ros2_sims_ws/install/rclrs:/home/simulations/ros2_sims_ws/install/rosidl_runtime_rs:/opt/ros/humble _=/usr/bin/env /usr/bin/cmake --build /home/user/ros2_ws/build/moveit -- -j8 -l8
[0.171s] [ 50%] [32mBuilding CXX object CMakeFiles/move_yaren.dir/src/move_yaren.cpp.o[0m
[16.604s] [100%] [32m[1mLinking CXX executable move_yaren[0m
[17.924s] [100%] Built target move_yaren
[17.939s] Invoked command in '/home/user/ros2_ws/build/moveit' returned '0': CMAKE_PREFIX_PATH=/home/user/ros2_ws/install/yaren_description:/home/simulations/ros2_sims_ws/install/common_interfaces:/home/simulations/ros2_sims_ws/install/visualization_msgs:/home/simulations/ros2_sims_ws/install/test_msgs:/home/simulations/ros2_sims_ws/install/example_interfaces:/home/simulations/ros2_sims_ws/install/action_msgs:/home/simulations/ros2_sims_ws/install/unique_identifier_msgs:/home/simulations/ros2_sims_ws/install/trajectory_msgs:/home/simulations/ros2_sims_ws/install/test_interface_files:/home/simulations/ros2_sims_ws/install/stereo_msgs:/home/simulations/ros2_sims_ws/install/std_srvs:/home/simulations/ros2_sims_ws/install/shape_msgs:/home/simulations/ros2_sims_ws/install/sensor_msgs:/home/simulations/ros2_sims_ws/install/nav_msgs:/home/simulations/ros2_sims_ws/install/diagnostic_msgs:/home/simulations/ros2_sims_ws/install/geometry_msgs:/home/simulations/ros2_sims_ws/install/actionlib_msgs:/home/simulations/ros2_sims_ws/install/std_msgs:/home/simulations/ros2_sims_ws/install/statistics_msgs:/home/simulations/ros2_sims_ws/install/rosgraph_msgs:/home/simulations/ros2_sims_ws/install/rclrs_example_msgs:/home/simulations/ros2_sims_ws/install/composition_interfaces:/home/simulations/ros2_sims_ws/install/rcl_interfaces:/home/simulations/ros2_sims_ws/install/lifecycle_msgs:/home/simulations/ros2_sims_ws/install/builtin_interfaces:/home/simulations/ros2_sims_ws/install/rosidl_default_runtime:/home/simulations/ros2_sims_ws/install/rosidl_default_generators:/home/simulations/ros2_sims_ws/install/rosidl_generator_rs:/home/user/ros2_ws/install/moveit:/home/simulations/ros2_sims_ws/install/rclrs_tests:/home/simulations/ros2_sims_ws/install/examples_rclrs_minimal_client_service:/home/simulations/ros2_sims_ws/install/sensor_msgs_py:/home/simulations/ros2_sims_ws/install/examples_rclrs_minimal_pub_sub:/home/simulations/ros2_sims_ws/install/examples_rclrs_message_demo:/home/simulations/ros2_sims_ws/install/rclrs:/home/simulations/ros2_sims_ws/install/rosidl_runtime_rs:/opt/ros/humble _=/usr/bin/env /usr/bin/cmake --build /home/user/ros2_ws/build/moveit -- -j8 -l8
[18.010s] Invoking command in '/home/user/ros2_ws/build/moveit': CMAKE_PREFIX_PATH=/home/user/ros2_ws/install/yaren_description:/home/simulations/ros2_sims_ws/install/common_interfaces:/home/simulations/ros2_sims_ws/install/visualization_msgs:/home/simulations/ros2_sims_ws/install/test_msgs:/home/simulations/ros2_sims_ws/install/example_interfaces:/home/simulations/ros2_sims_ws/install/action_msgs:/home/simulations/ros2_sims_ws/install/unique_identifier_msgs:/home/simulations/ros2_sims_ws/install/trajectory_msgs:/home/simulations/ros2_sims_ws/install/test_interface_files:/home/simulations/ros2_sims_ws/install/stereo_msgs:/home/simulations/ros2_sims_ws/install/std_srvs:/home/simulations/ros2_sims_ws/install/shape_msgs:/home/simulations/ros2_sims_ws/install/sensor_msgs:/home/simulations/ros2_sims_ws/install/nav_msgs:/home/simulations/ros2_sims_ws/install/diagnostic_msgs:/home/simulations/ros2_sims_ws/install/geometry_msgs:/home/simulations/ros2_sims_ws/install/actionlib_msgs:/home/simulations/ros2_sims_ws/install/std_msgs:/home/simulations/ros2_sims_ws/install/statistics_msgs:/home/simulations/ros2_sims_ws/install/rosgraph_msgs:/home/simulations/ros2_sims_ws/install/rclrs_example_msgs:/home/simulations/ros2_sims_ws/install/composition_interfaces:/home/simulations/ros2_sims_ws/install/rcl_interfaces:/home/simulations/ros2_sims_ws/install/lifecycle_msgs:/home/simulations/ros2_sims_ws/install/builtin_interfaces:/home/simulations/ros2_sims_ws/install/rosidl_default_runtime:/home/simulations/ros2_sims_ws/install/rosidl_default_generators:/home/simulations/ros2_sims_ws/install/rosidl_generator_rs:/home/user/ros2_ws/install/moveit:/home/simulations/ros2_sims_ws/install/rclrs_tests:/home/simulations/ros2_sims_ws/install/examples_rclrs_minimal_client_service:/home/simulations/ros2_sims_ws/install/sensor_msgs_py:/home/simulations/ros2_sims_ws/install/examples_rclrs_minimal_pub_sub:/home/simulations/ros2_sims_ws/install/examples_rclrs_message_demo:/home/simulations/ros2_sims_ws/install/rclrs:/home/simulations/ros2_sims_ws/install/rosidl_runtime_rs:/opt/ros/humble _=/usr/bin/env /usr/bin/cmake --install /home/user/ros2_ws/build/moveit
[18.023s] -- Install configuration: ""
[18.024s] -- Installing: /home/user/ros2_ws/install/moveit/lib/moveit/move_yaren
[18.030s] -- Set runtime path of "/home/user/ros2_ws/install/moveit/lib/moveit/move_yaren" to ""
[18.031s] -- Up-to-date: /home/user/ros2_ws/install/moveit/share/moveit//config
[18.031s] -- Up-to-date: /home/user/ros2_ws/install/moveit/share/moveit//config/pilz_cartesian_limits.yaml
[18.031s] -- Up-to-date: /home/user/ros2_ws/install/moveit/share/moveit//config/moveit_controllers.yaml
[18.031s] -- Up-to-date: /home/user/ros2_ws/install/moveit/share/moveit//config/moveit.rviz
[18.031s] -- Up-to-date: /home/user/ros2_ws/install/moveit/share/moveit//config/yaren_description.urdf.xacro
[18.031s] -- Up-to-date: /home/user/ros2_ws/install/moveit/share/moveit//config/ros2_controllers.yaml
[18.031s] -- Up-to-date: /home/user/ros2_ws/install/moveit/share/moveit//config/kinematics.yaml
[18.031s] -- Up-to-date: /home/user/ros2_ws/install/moveit/share/moveit//config/yaren_description.ros2_control.xacro
[18.031s] -- Up-to-date: /home/user/ros2_ws/install/moveit/share/moveit//config/joint_limits.yaml
[18.032s] -- Up-to-date: /home/user/ros2_ws/install/moveit/share/moveit//config/initial_positions.yaml
[18.032s] -- Up-to-date: /home/user/ros2_ws/install/moveit/share/moveit//config/yaren_description.srdf
[18.032s] -- Up-to-date: /home/user/ros2_ws/install/moveit/share/moveit//launch
[18.032s] -- Up-to-date: /home/user/ros2_ws/install/moveit/share/moveit//launch/move_group.launch.py
[18.032s] -- Up-to-date: /home/user/ros2_ws/install/moveit/share/moveit//launch/static_virtual_joint_tfs.launch.py
[18.032s] -- Up-to-date: /home/user/ros2_ws/install/moveit/share/moveit//launch/rsp.launch.py
[18.032s] -- Up-to-date: /home/user/ros2_ws/install/moveit/share/moveit//launch/spawn_controllers.launch.py
[18.033s] -- Up-to-date: /home/user/ros2_ws/install/moveit/share/moveit//launch/moveit_rviz.launch.py
[18.033s] -- Up-to-date: /home/user/ros2_ws/install/moveit/share/moveit//launch/setup_assistant.launch.py
[18.033s] -- Up-to-date: /home/user/ros2_ws/install/moveit/share/moveit//launch/warehouse_db.launch.py
[18.033s] -- Up-to-date: /home/user/ros2_ws/install/moveit/share/moveit//launch/demo.launch.py
[18.033s] -- Up-to-date: /home/user/ros2_ws/install/moveit/share/ament_index/resource_index/package_run_dependencies/moveit
[18.033s] -- Up-to-date: /home/user/ros2_ws/install/moveit/share/ament_index/resource_index/parent_prefix_path/moveit
[18.034s] -- Up-to-date: /home/user/ros2_ws/install/moveit/share/moveit/environment/ament_prefix_path.sh
[18.034s] -- Up-to-date: /home/user/ros2_ws/install/moveit/share/moveit/environment/ament_prefix_path.dsv
[18.035s] -- Up-to-date: /home/user/ros2_ws/install/moveit/share/moveit/environment/path.sh
[18.035s] -- Up-to-date: /home/user/ros2_ws/install/moveit/share/moveit/environment/path.dsv
[18.035s] -- Up-to-date: /home/user/ros2_ws/install/moveit/share/moveit/local_setup.bash
[18.035s] -- Up-to-date: /home/user/ros2_ws/install/moveit/share/moveit/local_setup.sh
[18.035s] -- Up-to-date: /home/user/ros2_ws/install/moveit/share/moveit/local_setup.zsh
[18.035s] -- Up-to-date: /home/user/ros2_ws/install/moveit/share/moveit/local_setup.dsv
[18.036s] -- Installing: /home/user/ros2_ws/install/moveit/share/moveit/package.dsv
[18.036s] -- Up-to-date: /home/user/ros2_ws/install/moveit/share/ament_index/resource_index/packages/moveit
[18.036s] -- Up-to-date: /home/user/ros2_ws/install/moveit/share/moveit/cmake/moveitConfig.cmake
[18.036s] -- Up-to-date: /home/user/ros2_ws/install/moveit/share/moveit/cmake/moveitConfig-version.cmake
[18.037s] -- Up-to-date: /home/user/ros2_ws/install/moveit/share/moveit/package.xml
[18.037s] Invoked command in '/home/user/ros2_ws/build/moveit' returned '0': CMAKE_PREFIX_PATH=/home/user/ros2_ws/install/yaren_description:/home/simulations/ros2_sims_ws/install/common_interfaces:/home/simulations/ros2_sims_ws/install/visualization_msgs:/home/simulations/ros2_sims_ws/install/test_msgs:/home/simulations/ros2_sims_ws/install/example_interfaces:/home/simulations/ros2_sims_ws/install/action_msgs:/home/simulations/ros2_sims_ws/install/unique_identifier_msgs:/home/simulations/ros2_sims_ws/install/trajectory_msgs:/home/simulations/ros2_sims_ws/install/test_interface_files:/home/simulations/ros2_sims_ws/install/stereo_msgs:/home/simulations/ros2_sims_ws/install/std_srvs:/home/simulations/ros2_sims_ws/install/shape_msgs:/home/simulations/ros2_sims_ws/install/sensor_msgs:/home/simulations/ros2_sims_ws/install/nav_msgs:/home/simulations/ros2_sims_ws/install/diagnostic_msgs:/home/simulations/ros2_sims_ws/install/geometry_msgs:/home/simulations/ros2_sims_ws/install/actionlib_msgs:/home/simulations/ros2_sims_ws/install/std_msgs:/home/simulations/ros2_sims_ws/install/statistics_msgs:/home/simulations/ros2_sims_ws/install/rosgraph_msgs:/home/simulations/ros2_sims_ws/install/rclrs_example_msgs:/home/simulations/ros2_sims_ws/install/composition_interfaces:/home/simulations/ros2_sims_ws/install/rcl_interfaces:/home/simulations/ros2_sims_ws/install/lifecycle_msgs:/home/simulations/ros2_sims_ws/install/builtin_interfaces:/home/simulations/ros2_sims_ws/install/rosidl_default_runtime:/home/simulations/ros2_sims_ws/install/rosidl_default_generators:/home/simulations/ros2_sims_ws/install/rosidl_generator_rs:/home/user/ros2_ws/install/moveit:/home/simulations/ros2_sims_ws/install/rclrs_tests:/home/simulations/ros2_sims_ws/install/examples_rclrs_minimal_client_service:/home/simulations/ros2_sims_ws/install/sensor_msgs_py:/home/simulations/ros2_sims_ws/install/examples_rclrs_minimal_pub_sub:/home/simulations/ros2_sims_ws/install/examples_rclrs_message_demo:/home/simulations/ros2_sims_ws/install/rclrs:/home/simulations/ros2_sims_ws/install/rosidl_runtime_rs:/opt/ros/humble _=/usr/bin/env /usr/bin/cmake --install /home/user/ros2_ws/build/moveit
